2026-07-04 22:20:48,442 [INFO] TextCleaner: [CLEANING] KBLI_2020_extracted.json
2026-07-04 22:20:48,462 [INFO] TextCleaner:   [META] doc_type=global_uu status=active
2026-07-04 22:20:49,081 [INFO] TextCleaner:   [OK] 1,684,168 → 1,679,501 chars (0.3% turun) | safe=0 agg=833
2026-07-04 22:20:49,121 [ERROR] TextCleaner: [ERROR] KBLI_2020_extracted.json: 'TextCleaner' object has no attribute 'merge_pages_to_full_text'
Traceback (most recent call last):
  File "C:\Users\dzaky\Documents\Kuliah\Semester 6\Manpro\KlausulaAI\data_pipeline\scripts\02_text_cleaner.py", line 401, in main
    f.write(cleaner.merge_pages_to_full_text(cleaned))
            ^^^^^^^^^^^^^^^^^^^^^^^^^^^^^^^^
AttributeError: 'TextCleaner' object has no attribute 'merge_pages_to_full_text'
2026-07-04 22:20:49,123 [INFO] TextCleaner: [CLEANING] kuhd_extracted.json
2026-07-04 22:20:49,128 [INFO] TextCleaner:   [META] doc_type=global_uu status=active
2026-07-04 22:20:49,272 [INFO] TextCleaner:   [OK] 441,980 → 435,223 chars (1.5% turun) | safe=0 agg=165
2026-07-04 22:20:49,287 [ERROR] TextCleaner: [ERROR] kuhd_extracted.json: 'TextCleaner' object has no attribute 'merge_pages_to_full_text'
Traceback (most recent call last):
  File "C:\Users\dzaky\Documents\Kuliah\Semester 6\Manpro\KlausulaAI\data_pipeline\scripts\02_text_cleaner.py", line 401, in main
    f.write(cleaner.merge_pages_to_full_text(cleaned))
            ^^^^^^^^^^^^^^^^^^^^^^^^^^^^^^^^
AttributeError: 'TextCleaner' object has no attribute 'merge_pages_to_full_text'
2026-07-04 22:20:49,288 [INFO] TextCleaner: [CLEANING] kuhperdata_buku_3_perikatan_extracted.json
2026-07-04 22:20:49,291 [INFO] TextCleaner:   [META] doc_type=global_uu status=active
2026-07-04 22:20:49,372 [INFO] TextCleaner:   [OK] 249,937 → 249,796 chars (0.1% turun) | safe=0 agg=111
2026-07-04 22:20:49,381 [ERROR] TextCleaner: [ERROR] kuhperdata_buku_3_perikatan_extracted.json: 'TextCleaner' object has no attribute 'merge_pages_to_full_text'
Traceback (most recent call last):
  File "C:\Users\dzaky\Documents\Kuliah\Semester 6\Manpro\KlausulaAI\data_pipeline\scripts\02_text_cleaner.py", line 401, in main
    f.write(cleaner.merge_pages_to_full_text(cleaned))
            ^^^^^^^^^^^^^^^^^^^^^^^^^^^^^^^^
AttributeError: 'TextCleaner' object has no attribute 'merge_pages_to_full_text'
2026-07-04 22:20:49,382 [INFO] TextCleaner: [CLEANING] perbpom_4_2024_sppirt_extracted.json
2026-07-04 22:20:49,384 [INFO] TextCleaner:   [META] doc_type=global_uu status=active
2026-07-04 22:20:49,389 [INFO] TextCleaner:   [ZONA] Lampiran mulai halaman 6 → carry-forward aktif
2026-07-04 22:20:49,423 [INFO] TextCleaner:   [OK] 133,461 → 132,718 chars (0.6% turun) | safe=64 agg=5 | Lampiran dari hal 6
2026-07-04 22:20:49,431 [ERROR] TextCleaner: [ERROR] perbpom_4_2024_sppirt_extracted.json: 'TextCleaner' object has no attribute 'merge_pages_to_full_text'
Traceback (most recent call last):
  File "C:\Users\dzaky\Documents\Kuliah\Semester 6\Manpro\KlausulaAI\data_pipeline\scripts\02_text_cleaner.py", line 401, in main
    f.write(cleaner.merge_pages_to_full_text(cleaned))
            ^^^^^^^^^^^^^^^^^^^^^^^^^^^^^^^^
AttributeError: 'TextCleaner' object has no attribute 'merge_pages_to_full_text'
2026-07-04 22:20:49,432 [INFO] TextCleaner: [CLEANING] permenkes_1096_2011_higiene_sanitasi_extracted.json
2026-07-04 22:20:49,434 [INFO] TextCleaner:   [META] doc_type=global_uu status=active
2026-07-04 22:20:49,438 [INFO] TextCleaner:   [ZONA] Lampiran mulai halaman 7 → carry-forward aktif
2026-07-04 22:20:49,468 [INFO] TextCleaner:   [OK] 104,074 → 103,773 chars (0.3% turun) | safe=68 agg=6 | Lampiran dari hal 7
2026-07-04 22:20:49,473 [ERROR] TextCleaner: [ERROR] permenkes_1096_2011_higiene_sanitasi_extracted.json: 'TextCleaner' object has no attribute 'merge_pages_to_full_text'
Traceback (most recent call last):
  File "C:\Users\dzaky\Documents\Kuliah\Semester 6\Manpro\KlausulaAI\data_pipeline\scripts\02_text_cleaner.py", line 401, in main
    f.write(cleaner.merge_pages_to_full_text(cleaned))
            ^^^^^^^^^^^^^^^^^^^^^^^^^^^^^^^^
AttributeError: 'TextCleaner' object has no attribute 'merge_pages_to_full_text'
2026-07-04 22:20:49,475 [INFO] TextCleaner: [CLEANING] permenkes_14_2021_standar_kesehatan_extracted.json
2026-07-04 22:20:49,507 [INFO] TextCleaner:   [META] doc_type=global_uu status=active
2026-07-04 22:20:49,509 [INFO] TextCleaner:   [ZONA] Lampiran mulai halaman 5 → carry-forward aktif
2026-07-04 22:20:50,206 [INFO] TextCleaner:   [OK] 2,064,453 → 2,049,282 chars (0.7% turun) | safe=1829 agg=4 | Lampiran dari hal 5
2026-07-04 22:20:50,280 [ERROR] TextCleaner: [ERROR] permenkes_14_2021_standar_kesehatan_extracted.json: 'TextCleaner' object has no attribute 'merge_pages_to_full_text'
Traceback (most recent call last):
  File "C:\Users\dzaky\Documents\Kuliah\Semester 6\Manpro\KlausulaAI\data_pipeline\scripts\02_text_cleaner.py", line 401, in main
    f.write(cleaner.merge_pages_to_full_text(cleaned))
            ^^^^^^^^^^^^^^^^^^^^^^^^^^^^^^^^
AttributeError: 'TextCleaner' object has no attribute 'merge_pages_to_full_text'
2026-07-04 22:20:50,281 [INFO] TextCleaner: [CLEANING] permenkes_2_2023_tpp_higiene_sanitasi_extracted.json
2026-07-04 22:20:50,285 [INFO] TextCleaner:   [META] doc_type=global_uu status=active
2026-07-04 22:20:50,298 [INFO] TextCleaner:   [ZONA] Lampiran mulai halaman 17 → carry-forward aktif
2026-07-04 22:20:50,403 [INFO] TextCleaner:   [OK] 401,855 → 395,910 chars (1.5% turun) | safe=159 agg=16 | Lampiran dari hal 17
2026-07-04 22:20:50,417 [ERROR] TextCleaner: [ERROR] permenkes_2_2023_tpp_higiene_sanitasi_extracted.json: 'TextCleaner' object has no attribute 'merge_pages_to_full_text'
Traceback (most recent call last):
  File "C:\Users\dzaky\Documents\Kuliah\Semester 6\Manpro\KlausulaAI\data_pipeline\scripts\02_text_cleaner.py", line 401, in main
    f.write(cleaner.merge_pages_to_full_text(cleaned))
            ^^^^^^^^^^^^^^^^^^^^^^^^^^^^^^^^
AttributeError: 'TextCleaner' object has no attribute 'merge_pages_to_full_text'
2026-07-04 22:20:50,418 [INFO] TextCleaner: [CLEANING] permenlhk_4_2021_daftar_amdal_sppl_extracted.json
2026-07-04 22:20:50,425 [INFO] TextCleaner:   [META] doc_type=global_uu status=active
2026-07-04 22:20:50,428 [INFO] TextCleaner:   [ZONA] Lampiran mulai halaman 7 → carry-forward aktif
2026-07-04 22:20:50,552 [INFO] TextCleaner:   [OK] 373,614 → 371,117 chars (0.7% turun) | safe=313 agg=6 | Lampiran dari hal 7
2026-07-04 22:20:50,567 [ERROR] TextCleaner: [ERROR] permenlhk_4_2021_daftar_amdal_sppl_extracted.json: 'TextCleaner' object has no attribute 'merge_pages_to_full_text'
Traceback (most recent call last):
  File "C:\Users\dzaky\Documents\Kuliah\Semester 6\Manpro\KlausulaAI\data_pipeline\scripts\02_text_cleaner.py", line 401, in main
    f.write(cleaner.merge_pages_to_full_text(cleaned))
            ^^^^^^^^^^^^^^^^^^^^^^^^^^^^^^^^
AttributeError: 'TextCleaner' object has no attribute 'merge_pages_to_full_text'
2026-07-04 22:20:50,568 [INFO] TextCleaner: [CLEANING] pp28_2025_lampiran_L_pariwisata_extracted.json
2026-07-04 22:20:50,570 [INFO] TextCleaner:   [META] doc_type=global_uu status=active
2026-07-04 22:20:50,599 [INFO] TextCleaner:   [OK] 64,126 → 60,602 chars (5.5% turun) | safe=0 agg=105
2026-07-04 22:20:50,606 [ERROR] TextCleaner: [ERROR] pp28_2025_lampiran_L_pariwisata_extracted.json: 'TextCleaner' object has no attribute 'merge_pages_to_full_text'
Traceback (most recent call last):
  File "C:\Users\dzaky\Documents\Kuliah\Semester 6\Manpro\KlausulaAI\data_pipeline\scripts\02_text_cleaner.py", line 401, in main
    f.write(cleaner.merge_pages_to_full_text(cleaned))
            ^^^^^^^^^^^^^^^^^^^^^^^^^^^^^^^^
AttributeError: 'TextCleaner' object has no attribute 'merge_pages_to_full_text'
2026-07-04 22:20:50,608 [INFO] TextCleaner: [CLEANING] pp_22_2021_lingkungan_hidup_extracted.json
2026-07-04 22:20:50,617 [INFO] TextCleaner:   [META] doc_type=global_uu status=active
2026-07-04 22:20:50,641 [INFO] TextCleaner:   [ZONA] Lampiran mulai halaman 39 → carry-forward aktif
2026-07-04 22:20:50,821 [INFO] TextCleaner:   [OK] 624,081 → 605,486 chars (3.0% turun) | safe=445 agg=38 | Lampiran dari hal 39
2026-07-04 22:20:50,855 [ERROR] TextCleaner: [ERROR] pp_22_2021_lingkungan_hidup_extracted.json: 'TextCleaner' object has no attribute 'merge_pages_to_full_text'
Traceback (most recent call last):
  File "C:\Users\dzaky\Documents\Kuliah\Semester 6\Manpro\KlausulaAI\data_pipeline\scripts\02_text_cleaner.py", line 401, in main
    f.write(cleaner.merge_pages_to_full_text(cleaned))
            ^^^^^^^^^^^^^^^^^^^^^^^^^^^^^^^^
AttributeError: 'TextCleaner' object has no attribute 'merge_pages_to_full_text'
2026-07-04 22:20:50,857 [INFO] TextCleaner: [CLEANING] pp_28_2025_perizinan_berbasis_risiko_extracted.json
2026-07-04 22:20:50,863 [INFO] TextCleaner:   [META] doc_type=global_uu status=active
2026-07-04 22:20:50,871 [INFO] TextCleaner:   [ZONA] Lampiran mulai halaman 9 → carry-forward aktif
2026-07-04 22:20:51,040 [INFO] TextCleaner:   [OK] 532,631 → 517,684 chars (2.8% turun) | safe=375 agg=8 | Lampiran dari hal 9
2026-07-04 22:20:51,060 [ERROR] TextCleaner: [ERROR] pp_28_2025_perizinan_berbasis_risiko_extracted.json: 'TextCleaner' object has no attribute 'merge_pages_to_full_text'
Traceback (most recent call last):
  File "C:\Users\dzaky\Documents\Kuliah\Semester 6\Manpro\KlausulaAI\data_pipeline\scripts\02_text_cleaner.py", line 401, in main
    f.write(cleaner.merge_pages_to_full_text(cleaned))
            ^^^^^^^^^^^^^^^^^^^^^^^^^^^^^^^^
AttributeError: 'TextCleaner' object has no attribute 'merge_pages_to_full_text'
2026-07-04 22:20:51,061 [INFO] TextCleaner: [CLEANING] pp_39_2021_jaminan_produk_halal_extracted.json
2026-07-04 22:20:51,063 [INFO] TextCleaner:   [META] doc_type=global_uu status=active
2026-07-04 22:20:51,107 [INFO] TextCleaner:   [OK] 114,369 → 110,683 chars (3.2% turun) | safe=0 agg=110
2026-07-04 22:20:51,115 [ERROR] TextCleaner: [ERROR] pp_39_2021_jaminan_produk_halal_extracted.json: 'TextCleaner' object has no attribute 'merge_pages_to_full_text'
Traceback (most recent call last):
  File "C:\Users\dzaky\Documents\Kuliah\Semester 6\Manpro\KlausulaAI\data_pipeline\scripts\02_text_cleaner.py", line 401, in main
    f.write(cleaner.merge_pages_to_full_text(cleaned))
            ^^^^^^^^^^^^^^^^^^^^^^^^^^^^^^^^
AttributeError: 'TextCleaner' object has no attribute 'merge_pages_to_full_text'
2026-07-04 22:20:51,116 [INFO] TextCleaner: [CLEANING] uu_11_2020_cipta_kerja_extracted.json
2026-07-04 22:20:51,134 [INFO] TextCleaner:   [META] doc_type=global_uu status=active
2026-07-04 22:20:51,518 [INFO] TextCleaner:   [ZONA] Lampiran mulai halaman 764 → carry-forward aktif
2026-07-04 22:20:51,645 [INFO] TextCleaner:   [OK] 1,379,553 → 1,347,087 chars (2.4% turun) | safe=424 agg=763 | Lampiran dari hal 764
2026-07-04 22:20:51,697 [ERROR] TextCleaner: [ERROR] uu_11_2020_cipta_kerja_extracted.json: 'TextCleaner' object has no attribute 'merge_pages_to_full_text'
Traceback (most recent call last):
  File "C:\Users\dzaky\Documents\Kuliah\Semester 6\Manpro\KlausulaAI\data_pipeline\scripts\02_text_cleaner.py", line 401, in main
    f.write(cleaner.merge_pages_to_full_text(cleaned))
            ^^^^^^^^^^^^^^^^^^^^^^^^^^^^^^^^
AttributeError: 'TextCleaner' object has no attribute 'merge_pages_to_full_text'
2026-07-04 22:20:51,698 [INFO] TextCleaner: [CLEANING] uu_13_2003_ketenagakerjaan_extracted.json
2026-07-04 22:20:51,701 [INFO] TextCleaner:   [META] doc_type=global_uu status=active
2026-07-04 22:20:51,765 [INFO] TextCleaner:   [OK] 169,479 → 165,128 chars (2.6% turun) | safe=0 agg=128
2026-07-04 22:20:51,775 [ERROR] TextCleaner: [ERROR] uu_13_2003_ketenagakerjaan_extracted.json: 'TextCleaner' object has no attribute 'merge_pages_to_full_text'
Traceback (most recent call last):
  File "C:\Users\dzaky\Documents\Kuliah\Semester 6\Manpro\KlausulaAI\data_pipeline\scripts\02_text_cleaner.py", line 401, in main
    f.write(cleaner.merge_pages_to_full_text(cleaned))
            ^^^^^^^^^^^^^^^^^^^^^^^^^^^^^^^^
AttributeError: 'TextCleaner' object has no attribute 'merge_pages_to_full_text'
2026-07-04 22:20:51,776 [INFO] TextCleaner: [CLEANING] uu_20_2016_merek_indikasi_geografis_extracted.json
2026-07-04 22:20:51,778 [INFO] TextCleaner:   [META] doc_type=global_uu status=active
2026-07-04 22:20:51,817 [INFO] TextCleaner:   [OK] 100,100 → 99,271 chars (0.8% turun) | safe=0 agg=74
2026-07-04 22:20:51,822 [ERROR] TextCleaner: [ERROR] uu_20_2016_merek_indikasi_geografis_extracted.json: 'TextCleaner' object has no attribute 'merge_pages_to_full_text'
Traceback (most recent call last):
  File "C:\Users\dzaky\Documents\Kuliah\Semester 6\Manpro\KlausulaAI\data_pipeline\scripts\02_text_cleaner.py", line 401, in main
    f.write(cleaner.merge_pages_to_full_text(cleaned))
            ^^^^^^^^^^^^^^^^^^^^^^^^^^^^^^^^
AttributeError: 'TextCleaner' object has no attribute 'merge_pages_to_full_text'
2026-07-04 22:20:51,823 [INFO] TextCleaner: [CLEANING] uu_33_2014_jaminan_produk_halal_extracted.json
2026-07-04 22:20:51,825 [INFO] TextCleaner:   [META] doc_type=global_uu status=active
2026-07-04 22:20:51,840 [INFO] TextCleaner:   [OK] 37,172 → 36,854 chars (0.9% turun) | safe=0 agg=40
2026-07-04 22:20:51,844 [ERROR] TextCleaner: [ERROR] uu_33_2014_jaminan_produk_halal_extracted.json: 'TextCleaner' object has no attribute 'merge_pages_to_full_text'
Traceback (most recent call last):
  File "C:\Users\dzaky\Documents\Kuliah\Semester 6\Manpro\KlausulaAI\data_pipeline\scripts\02_text_cleaner.py", line 401, in main
    f.write(cleaner.merge_pages_to_full_text(cleaned))
            ^^^^^^^^^^^^^^^^^^^^^^^^^^^^^^^^
AttributeError: 'TextCleaner' object has no attribute 'merge_pages_to_full_text'
2026-07-04 22:20:51,845 [INFO] TextCleaner: [CLEANING] uu_40_2007_perseroan_terbatas_extracted.json
2026-07-04 22:20:51,848 [INFO] TextCleaner:   [META] doc_type=global_uu status=active
2026-07-04 22:20:51,925 [INFO] TextCleaner:   [OK] 204,678 → 203,630 chars (0.5% turun) | safe=0 agg=140
2026-07-04 22:20:51,933 [ERROR] TextCleaner: [ERROR] uu_40_2007_perseroan_terbatas_extracted.json: 'TextCleaner' object has no attribute 'merge_pages_to_full_text'
Traceback (most recent call last):
  File "C:\Users\dzaky\Documents\Kuliah\Semester 6\Manpro\KlausulaAI\data_pipeline\scripts\02_text_cleaner.py", line 401, in main
    f.write(cleaner.merge_pages_to_full_text(cleaned))
            ^^^^^^^^^^^^^^^^^^^^^^^^^^^^^^^^
AttributeError: 'TextCleaner' object has no attribute 'merge_pages_to_full_text'
2026-07-04 22:20:51,935 [INFO] TextCleaner: [CLEANING] uu_8_1999_perlindungan_konsumen_extracted.json
2026-07-04 22:20:51,937 [INFO] TextCleaner:   [META] doc_type=global_uu status=active
2026-07-04 22:20:51,961 [INFO] TextCleaner:   [OK] 60,022 → 58,079 chars (3.2% turun) | safe=0 agg=54
2026-07-04 22:20:51,966 [ERROR] TextCleaner: [ERROR] uu_8_1999_perlindungan_konsumen_extracted.json: 'TextCleaner' object has no attribute 'merge_pages_to_full_text'
Traceback (most recent call last):
  File "C:\Users\dzaky\Documents\Kuliah\Semester 6\Manpro\KlausulaAI\data_pipeline\scripts\02_text_cleaner.py", line 401, in main
    f.write(cleaner.merge_pages_to_full_text(cleaned))
            ^^^^^^^^^^^^^^^^^^^^^^^^^^^^^^^^
AttributeError: 'TextCleaner' object has no attribute 'merge_pages_to_full_text'
