2026-06-30 12:50:03,332 [INFO] DocumentExtractor: Memproses: kuhd.PDF (.pdf)
2026-06-30 12:50:04,234 [INFO] DocumentExtractor:   Progress: 10/165 halaman
2026-06-30 12:50:05,079 [INFO] DocumentExtractor:   Progress: 20/165 halaman
2026-06-30 12:50:06,054 [INFO] DocumentExtractor:   Progress: 30/165 halaman
2026-06-30 12:50:06,905 [INFO] DocumentExtractor:   Progress: 40/165 halaman
2026-06-30 12:50:07,842 [INFO] DocumentExtractor:   Progress: 50/165 halaman
2026-06-30 12:50:08,773 [INFO] DocumentExtractor:   Progress: 60/165 halaman
2026-06-30 12:50:09,719 [INFO] DocumentExtractor:   Progress: 70/165 halaman
2026-06-30 12:50:10,814 [INFO] DocumentExtractor:   Progress: 80/165 halaman
2026-06-30 12:50:11,990 [INFO] DocumentExtractor:   Progress: 90/165 halaman
2026-06-30 12:50:13,211 [INFO] DocumentExtractor:   Progress: 100/165 halaman
2026-06-30 12:50:14,461 [INFO] DocumentExtractor:   Progress: 110/165 halaman
2026-06-30 12:50:15,695 [INFO] DocumentExtractor:   Progress: 120/165 halaman
2026-06-30 12:50:16,679 [INFO] DocumentExtractor:   Progress: 130/165 halaman
2026-06-30 12:50:17,864 [INFO] DocumentExtractor:   Progress: 140/165 halaman
2026-06-30 12:50:19,211 [INFO] DocumentExtractor:   Progress: 150/165 halaman
2026-06-30 12:50:20,284 [INFO] DocumentExtractor:   Progress: 160/165 halaman
2026-06-30 12:50:20,845 [INFO] DocumentExtractor: Tersimpan: 02_extracted_text\kuhd_extracted.json
2026-06-30 12:50:20,846 [INFO] DocumentExtractor: Memproses: kuhperdata_buku_3_perikatan.pdf (.pdf)
2026-06-30 12:50:22,679 [INFO] DocumentExtractor:   Progress: 10/111 halaman
2026-06-30 12:50:23,835 [INFO] DocumentExtractor:   Progress: 20/111 halaman
2026-06-30 12:50:24,760 [INFO] DocumentExtractor:   Progress: 30/111 halaman
2026-06-30 12:50:25,609 [INFO] DocumentExtractor:   Progress: 40/111 halaman
2026-06-30 12:50:26,406 [INFO] DocumentExtractor:   Progress: 50/111 halaman
2026-06-30 12:50:27,400 [INFO] DocumentExtractor:   Progress: 60/111 halaman
2026-06-30 12:50:28,611 [INFO] DocumentExtractor:   Progress: 70/111 halaman
2026-06-30 12:50:29,574 [INFO] DocumentExtractor:   Progress: 80/111 halaman
2026-06-30 12:50:30,483 [INFO] DocumentExtractor:   Progress: 90/111 halaman
2026-06-30 12:50:31,327 [INFO] DocumentExtractor:   Progress: 100/111 halaman
2026-06-30 12:50:32,242 [INFO] DocumentExtractor:   Progress: 110/111 halaman
2026-06-30 12:50:32,326 [INFO] DocumentExtractor: Tersimpan: 02_extracted_text\kuhperdata_buku_3_perikatan_extracted.json
2026-06-30 12:50:32,327 [INFO] DocumentExtractor: Memproses: permenkes_1096_2011_higiene_sanitasi.pdf (.pdf)
2026-06-30 12:50:33,003 [INFO] DocumentExtractor:   Progress: 10/74 halaman
2026-06-30 12:50:34,243 [INFO] DocumentExtractor:   Progress: 20/74 halaman
2026-06-30 12:50:35,398 [INFO] DocumentExtractor:   Progress: 30/74 halaman
2026-06-30 12:50:36,225 [INFO] DocumentExtractor:   Progress: 40/74 halaman
2026-06-30 12:50:37,443 [INFO] DocumentExtractor:   Progress: 50/74 halaman
2026-06-30 12:50:38,223 [INFO] DocumentExtractor:   Progress: 60/74 halaman
2026-06-30 12:50:39,200 [INFO] DocumentExtractor:   Progress: 70/74 halaman
2026-06-30 12:50:39,552 [INFO] DocumentExtractor: Tersimpan: 02_extracted_text\permenkes_1096_2011_higiene_sanitasi_extracted.json
2026-06-30 12:50:39,552 [INFO] DocumentExtractor: Memproses: pp_39_2021_jaminan_produk_halal.pdf (.pdf)
2026-06-30 12:50:40,100 [INFO] DocumentExtractor:   Progress: 10/110 halaman
2026-06-30 12:50:40,788 [INFO] DocumentExtractor:   Progress: 20/110 halaman
2026-06-30 12:50:41,353 [INFO] DocumentExtractor:   Progress: 30/110 halaman
2026-06-30 12:50:41,892 [INFO] DocumentExtractor:   Progress: 40/110 halaman
2026-06-30 12:50:42,338 [INFO] DocumentExtractor:   Progress: 50/110 halaman
2026-06-30 12:50:42,809 [INFO] DocumentExtractor:   Progress: 60/110 halaman
2026-06-30 12:50:43,325 [INFO] DocumentExtractor:   Progress: 70/110 halaman
2026-06-30 12:50:43,813 [INFO] DocumentExtractor:   Progress: 80/110 halaman
2026-06-30 12:50:44,282 [INFO] DocumentExtractor:   Progress: 90/110 halaman
2026-06-30 12:50:44,477 [INFO] DocumentExtractor:   Progress: 100/110 halaman
2026-06-30 12:50:44,665 [INFO] DocumentExtractor:   Progress: 110/110 halaman
2026-06-30 12:50:44,676 [INFO] DocumentExtractor: Tersimpan: 02_extracted_text\pp_39_2021_jaminan_produk_halal_extracted.json
2026-06-30 12:50:44,677 [INFO] DocumentExtractor: Memproses: pp_5_2021_perizinan_berbasis_risiko.pdf (.pdf)
2026-06-30 12:50:45,718 [INFO] DocumentExtractor:   Progress: 10/739 halaman
2026-06-30 12:50:46,308 [INFO] DocumentExtractor:   Progress: 20/739 halaman
2026-06-30 12:50:46,805 [INFO] DocumentExtractor:   Progress: 30/739 halaman
2026-06-30 12:50:47,342 [INFO] DocumentExtractor:   Progress: 40/739 halaman
2026-06-30 12:50:47,826 [INFO] DocumentExtractor:   Progress: 50/739 halaman
2026-06-30 12:50:48,349 [INFO] DocumentExtractor:   Progress: 60/739 halaman
2026-06-30 12:50:48,974 [INFO] DocumentExtractor:   Progress: 70/739 halaman
2026-06-30 12:50:49,573 [INFO] DocumentExtractor:   Progress: 80/739 halaman
2026-06-30 12:50:50,138 [INFO] DocumentExtractor:   Progress: 90/739 halaman
2026-06-30 12:50:50,858 [INFO] DocumentExtractor:   Progress: 100/739 halaman
2026-06-30 12:50:51,503 [INFO] DocumentExtractor:   Progress: 110/739 halaman
2026-06-30 12:50:52,085 [INFO] DocumentExtractor:   Progress: 120/739 halaman
2026-06-30 12:50:52,677 [INFO] DocumentExtractor:   Progress: 130/739 halaman
2026-06-30 12:50:53,311 [INFO] DocumentExtractor:   Progress: 140/739 halaman
2026-06-30 12:50:53,791 [INFO] DocumentExtractor:   Progress: 150/739 halaman
2026-06-30 12:50:54,301 [INFO] DocumentExtractor:   Progress: 160/739 halaman
2026-06-30 12:50:54,908 [INFO] DocumentExtractor:   Progress: 170/739 halaman
2026-06-30 12:50:55,513 [INFO] DocumentExtractor:   Progress: 180/739 halaman
2026-06-30 12:50:56,149 [INFO] DocumentExtractor:   Progress: 190/739 halaman
2026-06-30 12:50:56,788 [INFO] DocumentExtractor:   Progress: 200/739 halaman
2026-06-30 12:50:57,567 [INFO] DocumentExtractor:   Progress: 210/739 halaman
2026-06-30 12:50:58,375 [INFO] DocumentExtractor:   Progress: 220/739 halaman
2026-06-30 12:50:59,150 [INFO] DocumentExtractor:   Progress: 230/739 halaman
2026-06-30 12:50:59,993 [INFO] DocumentExtractor:   Progress: 240/739 halaman
2026-06-30 12:51:00,880 [INFO] DocumentExtractor:   Progress: 250/739 halaman
2026-06-30 12:51:01,757 [INFO] DocumentExtractor:   Progress: 260/739 halaman
2026-06-30 12:51:02,647 [INFO] DocumentExtractor:   Progress: 270/739 halaman
2026-06-30 12:51:03,576 [INFO] DocumentExtractor:   Progress: 280/739 halaman
2026-06-30 12:51:04,190 [INFO] DocumentExtractor:   Progress: 290/739 halaman
2026-06-30 12:51:05,064 [INFO] DocumentExtractor:   Progress: 300/739 halaman
2026-06-30 12:51:05,947 [INFO] DocumentExtractor:   Progress: 310/739 halaman
2026-06-30 12:51:07,066 [INFO] DocumentExtractor:   Progress: 320/739 halaman
2026-06-30 12:51:08,203 [INFO] DocumentExtractor:   Progress: 330/739 halaman
2026-06-30 12:51:09,168 [INFO] DocumentExtractor:   Progress: 340/739 halaman
2026-06-30 12:51:10,020 [INFO] DocumentExtractor:   Progress: 350/739 halaman
2026-06-30 12:51:10,069 [INFO] DocumentExtractor:   Progress: 360/739 halaman
2026-06-30 12:51:10,113 [INFO] DocumentExtractor:   Progress: 370/739 halaman
2026-06-30 12:51:10,160 [INFO] DocumentExtractor:   Progress: 380/739 halaman
2026-06-30 12:51:10,206 [INFO] DocumentExtractor:   Progress: 390/739 halaman
2026-06-30 12:51:10,253 [INFO] DocumentExtractor:   Progress: 400/739 halaman
2026-06-30 12:51:10,294 [INFO] DocumentExtractor:   Progress: 410/739 halaman
2026-06-30 12:51:10,340 [INFO] DocumentExtractor:   Progress: 420/739 halaman
2026-06-30 12:51:10,386 [INFO] DocumentExtractor:   Progress: 430/739 halaman
2026-06-30 12:51:10,434 [INFO] DocumentExtractor:   Progress: 440/739 halaman
2026-06-30 12:51:10,489 [INFO] DocumentExtractor:   Progress: 450/739 halaman
2026-06-30 12:51:10,538 [INFO] DocumentExtractor:   Progress: 460/739 halaman
2026-06-30 12:51:10,588 [INFO] DocumentExtractor:   Progress: 470/739 halaman
2026-06-30 12:51:10,639 [INFO] DocumentExtractor:   Progress: 480/739 halaman
2026-06-30 12:51:10,693 [INFO] DocumentExtractor:   Progress: 490/739 halaman
2026-06-30 12:51:10,742 [INFO] DocumentExtractor:   Progress: 500/739 halaman
2026-06-30 12:51:10,793 [INFO] DocumentExtractor:   Progress: 510/739 halaman
2026-06-30 12:51:10,843 [INFO] DocumentExtractor:   Progress: 520/739 halaman
2026-06-30 12:51:10,893 [INFO] DocumentExtractor:   Progress: 530/739 halaman
2026-06-30 12:51:10,955 [INFO] DocumentExtractor:   Progress: 540/739 halaman
2026-06-30 12:51:11,032 [INFO] DocumentExtractor:   Progress: 550/739 halaman
2026-06-30 12:51:11,109 [INFO] DocumentExtractor:   Progress: 560/739 halaman
2026-06-30 12:51:11,190 [INFO] DocumentExtractor:   Progress: 570/739 halaman
2026-06-30 12:51:11,282 [INFO] DocumentExtractor:   Progress: 580/739 halaman
2026-06-30 12:51:11,360 [INFO] DocumentExtractor:   Progress: 590/739 halaman
2026-06-30 12:51:11,795 [INFO] DocumentExtractor:   Progress: 600/739 halaman
2026-06-30 12:51:11,845 [INFO] DocumentExtractor:   Progress: 610/739 halaman
2026-06-30 12:51:11,897 [INFO] DocumentExtractor:   Progress: 620/739 halaman
2026-06-30 12:51:11,947 [INFO] DocumentExtractor:   Progress: 630/739 halaman
2026-06-30 12:51:11,994 [INFO] DocumentExtractor:   Progress: 640/739 halaman
2026-06-30 12:51:12,041 [INFO] DocumentExtractor:   Progress: 650/739 halaman
2026-06-30 12:51:12,088 [INFO] DocumentExtractor:   Progress: 660/739 halaman
2026-06-30 12:51:12,135 [INFO] DocumentExtractor:   Progress: 670/739 halaman
2026-06-30 12:51:12,182 [INFO] DocumentExtractor:   Progress: 680/739 halaman
2026-06-30 12:51:12,227 [INFO] DocumentExtractor:   Progress: 690/739 halaman
2026-06-30 12:51:12,274 [INFO] DocumentExtractor:   Progress: 700/739 halaman
2026-06-30 12:51:12,319 [INFO] DocumentExtractor:   Progress: 710/739 halaman
2026-06-30 12:51:12,364 [INFO] DocumentExtractor:   Progress: 720/739 halaman
2026-06-30 12:51:12,409 [INFO] DocumentExtractor:   Progress: 730/739 halaman
2026-06-30 12:51:12,503 [INFO] DocumentExtractor: Tersimpan: 02_extracted_text\pp_5_2021_perizinan_berbasis_risiko_extracted.json
2026-06-30 12:51:12,504 [INFO] DocumentExtractor: Memproses: uu_11_2020_cipta_kerja.pdf (.pdf)
2026-06-30 12:51:14,747 [INFO] DocumentExtractor:   Progress: 10/1187 halaman
2026-06-30 12:51:16,216 [INFO] DocumentExtractor:   Progress: 20/1187 halaman
2026-06-30 12:51:17,101 [INFO] DocumentExtractor:   Progress: 30/1187 halaman
2026-06-30 12:51:17,823 [INFO] DocumentExtractor:   Progress: 40/1187 halaman
2026-06-30 12:51:18,525 [INFO] DocumentExtractor:   Progress: 50/1187 halaman
2026-06-30 12:51:19,038 [INFO] DocumentExtractor:   Progress: 60/1187 halaman
2026-06-30 12:51:19,559 [INFO] DocumentExtractor:   Progress: 70/1187 halaman
2026-06-30 12:51:20,169 [INFO] DocumentExtractor:   Progress: 80/1187 halaman
2026-06-30 12:51:20,718 [INFO] DocumentExtractor:   Progress: 90/1187 halaman
2026-06-30 12:51:21,406 [INFO] DocumentExtractor:   Progress: 100/1187 halaman
2026-06-30 12:51:21,962 [INFO] DocumentExtractor:   Progress: 110/1187 halaman
2026-06-30 12:51:22,578 [INFO] DocumentExtractor:   Progress: 120/1187 halaman
2026-06-30 12:51:23,224 [INFO] DocumentExtractor:   Progress: 130/1187 halaman
2026-06-30 12:51:23,830 [INFO] DocumentExtractor:   Progress: 140/1187 halaman
2026-06-30 12:51:24,417 [INFO] DocumentExtractor:   Progress: 150/1187 halaman
2026-06-30 12:51:24,981 [INFO] DocumentExtractor:   Progress: 160/1187 halaman
2026-06-30 12:51:25,561 [INFO] DocumentExtractor:   Progress: 170/1187 halaman
2026-06-30 12:51:26,223 [INFO] DocumentExtractor:   Progress: 180/1187 halaman
2026-06-30 12:51:26,701 [INFO] DocumentExtractor:   Progress: 190/1187 halaman
2026-06-30 12:51:27,461 [INFO] DocumentExtractor:   Progress: 200/1187 halaman
2026-06-30 12:51:28,243 [INFO] DocumentExtractor:   Progress: 210/1187 halaman
2026-06-30 12:51:29,022 [INFO] DocumentExtractor:   Progress: 220/1187 halaman
2026-06-30 12:51:29,830 [INFO] DocumentExtractor:   Progress: 230/1187 halaman
2026-06-30 12:51:30,601 [INFO] DocumentExtractor:   Progress: 240/1187 halaman
2026-06-30 12:51:31,381 [INFO] DocumentExtractor:   Progress: 250/1187 halaman
2026-06-30 12:51:32,097 [INFO] DocumentExtractor:   Progress: 260/1187 halaman
2026-06-30 12:51:32,541 [INFO] DocumentExtractor:   Progress: 270/1187 halaman
2026-06-30 12:51:33,216 [INFO] DocumentExtractor:   Progress: 280/1187 halaman
2026-06-30 12:51:33,912 [INFO] DocumentExtractor:   Progress: 290/1187 halaman
2026-06-30 12:51:34,652 [INFO] DocumentExtractor:   Progress: 300/1187 halaman
2026-06-30 12:51:35,043 [INFO] DocumentExtractor:   Progress: 310/1187 halaman
2026-06-30 12:51:35,790 [INFO] DocumentExtractor:   Progress: 320/1187 halaman
2026-06-30 12:51:36,560 [INFO] DocumentExtractor:   Progress: 330/1187 halaman
2026-06-30 12:51:37,357 [INFO] DocumentExtractor:   Progress: 340/1187 halaman
2026-06-30 12:51:37,805 [INFO] DocumentExtractor:   Progress: 350/1187 halaman
2026-06-30 12:51:38,627 [INFO] DocumentExtractor:   Progress: 360/1187 halaman
2026-06-30 12:51:39,492 [INFO] DocumentExtractor:   Progress: 370/1187 halaman
2026-06-30 12:51:40,243 [INFO] DocumentExtractor:   Progress: 380/1187 halaman
2026-06-30 12:51:41,117 [INFO] DocumentExtractor:   Progress: 390/1187 halaman
2026-06-30 12:51:41,524 [INFO] DocumentExtractor:   Progress: 400/1187 halaman
2026-06-30 12:51:42,513 [INFO] DocumentExtractor:   Progress: 410/1187 halaman
2026-06-30 12:51:43,502 [INFO] DocumentExtractor:   Progress: 420/1187 halaman
2026-06-30 12:51:44,389 [INFO] DocumentExtractor:   Progress: 430/1187 halaman
2026-06-30 12:51:44,897 [INFO] DocumentExtractor:   Progress: 440/1187 halaman
2026-06-30 12:51:46,183 [INFO] DocumentExtractor:   Progress: 450/1187 halaman
2026-06-30 12:51:47,215 [INFO] DocumentExtractor:   Progress: 460/1187 halaman
2026-06-30 12:51:48,257 [INFO] DocumentExtractor:   Progress: 470/1187 halaman
2026-06-30 12:51:48,782 [INFO] DocumentExtractor:   Progress: 480/1187 halaman
2026-06-30 12:51:49,667 [INFO] DocumentExtractor:   Progress: 490/1187 halaman
2026-06-30 12:51:50,554 [INFO] DocumentExtractor:   Progress: 500/1187 halaman
2026-06-30 12:51:51,450 [INFO] DocumentExtractor:   Progress: 510/1187 halaman
2026-06-30 12:51:51,893 [INFO] DocumentExtractor:   Progress: 520/1187 halaman
2026-06-30 12:51:52,779 [INFO] DocumentExtractor:   Progress: 530/1187 halaman
2026-06-30 12:51:53,718 [INFO] DocumentExtractor:   Progress: 540/1187 halaman
2026-06-30 12:51:54,696 [INFO] DocumentExtractor:   Progress: 550/1187 halaman
2026-06-30 12:51:55,218 [INFO] DocumentExtractor:   Progress: 560/1187 halaman
2026-06-30 12:51:56,142 [INFO] DocumentExtractor:   Progress: 570/1187 halaman
2026-06-30 12:51:57,153 [INFO] DocumentExtractor:   Progress: 580/1187 halaman
2026-06-30 12:51:58,174 [INFO] DocumentExtractor:   Progress: 590/1187 halaman
2026-06-30 12:51:59,220 [INFO] DocumentExtractor:   Progress: 600/1187 halaman
2026-06-30 12:51:59,684 [INFO] DocumentExtractor:   Progress: 610/1187 halaman
2026-06-30 12:52:00,762 [INFO] DocumentExtractor:   Progress: 620/1187 halaman
2026-06-30 12:52:01,895 [INFO] DocumentExtractor:   Progress: 630/1187 halaman
2026-06-30 12:52:02,942 [INFO] DocumentExtractor:   Progress: 640/1187 halaman
2026-06-30 12:52:04,056 [INFO] DocumentExtractor:   Progress: 650/1187 halaman
2026-06-30 12:52:04,686 [INFO] DocumentExtractor:   Progress: 660/1187 halaman
2026-06-30 12:52:05,658 [INFO] DocumentExtractor:   Progress: 670/1187 halaman
2026-06-30 12:52:06,754 [INFO] DocumentExtractor:   Progress: 680/1187 halaman
2026-06-30 12:52:07,813 [INFO] DocumentExtractor:   Progress: 690/1187 halaman
2026-06-30 12:52:08,920 [INFO] DocumentExtractor:   Progress: 700/1187 halaman
2026-06-30 12:52:09,323 [INFO] DocumentExtractor:   Progress: 710/1187 halaman
2026-06-30 12:52:10,382 [INFO] DocumentExtractor:   Progress: 720/1187 halaman
2026-06-30 12:52:11,470 [INFO] DocumentExtractor:   Progress: 730/1187 halaman
2026-06-30 12:52:12,653 [INFO] DocumentExtractor:   Progress: 740/1187 halaman
2026-06-30 12:52:13,123 [INFO] DocumentExtractor:   Progress: 750/1187 halaman
2026-06-30 12:52:14,217 [INFO] DocumentExtractor:   Progress: 760/1187 halaman
2026-06-30 12:52:15,346 [INFO] DocumentExtractor:   Progress: 770/1187 halaman
2026-06-30 12:52:16,468 [INFO] DocumentExtractor:   Progress: 780/1187 halaman
2026-06-30 12:52:17,097 [INFO] DocumentExtractor:   Progress: 790/1187 halaman
2026-06-30 12:52:17,963 [INFO] DocumentExtractor:   Progress: 800/1187 halaman
2026-06-30 12:52:18,240 [INFO] DocumentExtractor:   Progress: 810/1187 halaman
2026-06-30 12:52:19,105 [INFO] DocumentExtractor:   Progress: 820/1187 halaman
2026-06-30 12:52:19,316 [INFO] DocumentExtractor:   Progress: 830/1187 halaman
2026-06-30 12:52:20,343 [INFO] DocumentExtractor:   Progress: 840/1187 halaman
2026-06-30 12:52:20,506 [INFO] DocumentExtractor:   Progress: 850/1187 halaman
2026-06-30 12:52:20,720 [INFO] DocumentExtractor:   Progress: 860/1187 halaman
2026-06-30 12:52:21,920 [INFO] DocumentExtractor:   Progress: 870/1187 halaman
2026-06-30 12:52:22,251 [INFO] DocumentExtractor:   Progress: 880/1187 halaman
2026-06-30 12:52:23,303 [INFO] DocumentExtractor:   Progress: 890/1187 halaman
2026-06-30 12:52:23,465 [INFO] DocumentExtractor:   Progress: 900/1187 halaman
2026-06-30 12:52:23,775 [INFO] DocumentExtractor:   Progress: 910/1187 halaman
2026-06-30 12:52:24,722 [INFO] DocumentExtractor:   Progress: 920/1187 halaman
2026-06-30 12:52:24,935 [INFO] DocumentExtractor:   Progress: 930/1187 halaman
2026-06-30 12:52:25,947 [INFO] DocumentExtractor:   Progress: 940/1187 halaman
2026-06-30 12:52:26,120 [INFO] DocumentExtractor:   Progress: 950/1187 halaman
2026-06-30 12:52:26,306 [INFO] DocumentExtractor:   Progress: 960/1187 halaman
2026-06-30 12:52:27,421 [INFO] DocumentExtractor:   Progress: 970/1187 halaman
2026-06-30 12:52:27,579 [INFO] DocumentExtractor:   Progress: 980/1187 halaman
2026-06-30 12:52:27,788 [INFO] DocumentExtractor:   Progress: 990/1187 halaman
2026-06-30 12:52:28,831 [INFO] DocumentExtractor:   Progress: 1000/1187 halaman
2026-06-30 12:52:29,089 [INFO] DocumentExtractor:   Progress: 1010/1187 halaman
2026-06-30 12:52:29,315 [INFO] DocumentExtractor:   Progress: 1020/1187 halaman
2026-06-30 12:52:34,819 [INFO] DocumentExtractor:   Progress: 1030/1187 halaman
2026-06-30 12:52:35,671 [INFO] DocumentExtractor:   Progress: 1040/1187 halaman
2026-06-30 12:52:37,717 [INFO] DocumentExtractor:   Progress: 1050/1187 halaman
2026-06-30 12:52:38,305 [INFO] DocumentExtractor:   Progress: 1060/1187 halaman
2026-06-30 12:52:39,052 [INFO] DocumentExtractor:   Progress: 1070/1187 halaman
2026-06-30 12:52:41,313 [INFO] DocumentExtractor:   Progress: 1080/1187 halaman
2026-06-30 12:52:44,064 [INFO] DocumentExtractor:   Progress: 1090/1187 halaman
2026-06-30 12:52:46,678 [INFO] DocumentExtractor:   Progress: 1100/1187 halaman
2026-06-30 12:52:47,968 [INFO] DocumentExtractor:   Progress: 1110/1187 halaman
2026-06-30 12:52:50,243 [INFO] DocumentExtractor:   Progress: 1120/1187 halaman
2026-06-30 12:52:52,953 [INFO] DocumentExtractor:   Progress: 1130/1187 halaman
2026-06-30 12:52:54,278 [INFO] DocumentExtractor:   Progress: 1140/1187 halaman
2026-06-30 12:52:56,084 [INFO] DocumentExtractor:   Progress: 1150/1187 halaman
2026-06-30 12:52:56,863 [INFO] DocumentExtractor:   Progress: 1160/1187 halaman
2026-06-30 12:52:59,080 [INFO] DocumentExtractor:   Progress: 1170/1187 halaman
2026-06-30 12:52:59,902 [INFO] DocumentExtractor:   Progress: 1180/1187 halaman
2026-06-30 12:53:00,849 [INFO] DocumentExtractor: Tersimpan: 02_extracted_text\uu_11_2020_cipta_kerja_extracted.json
2026-06-30 12:53:00,851 [INFO] DocumentExtractor: Memproses: uu_13_2003_ketenagakerjaan.pdf (.pdf)
2026-06-30 12:53:05,784 [INFO] DocumentExtractor:   Progress: 10/128 halaman
2026-06-30 12:53:08,578 [INFO] DocumentExtractor:   Progress: 20/128 halaman
2026-06-30 12:53:10,850 [INFO] DocumentExtractor:   Progress: 30/128 halaman
2026-06-30 12:53:13,072 [INFO] DocumentExtractor:   Progress: 40/128 halaman
2026-06-30 12:53:14,804 [INFO] DocumentExtractor:   Progress: 50/128 halaman
2026-06-30 12:53:16,321 [INFO] DocumentExtractor:   Progress: 60/128 halaman
2026-06-30 12:53:17,990 [INFO] DocumentExtractor:   Progress: 70/128 halaman
2026-06-30 12:53:19,364 [INFO] DocumentExtractor:   Progress: 80/128 halaman
2026-06-30 12:53:20,396 [INFO] DocumentExtractor:   Progress: 90/128 halaman
2026-06-30 12:53:21,299 [INFO] DocumentExtractor:   Progress: 100/128 halaman
2026-06-30 12:53:22,099 [INFO] DocumentExtractor:   Progress: 110/128 halaman
2026-06-30 12:53:22,893 [INFO] DocumentExtractor:   Progress: 120/128 halaman
2026-06-30 12:53:23,506 [INFO] DocumentExtractor: Tersimpan: 02_extracted_text\uu_13_2003_ketenagakerjaan_extracted.json
2026-06-30 12:53:23,507 [INFO] DocumentExtractor: Memproses: uu_20_2016_merek_indikasi_geografis.pdf (.pdf)
2026-06-30 12:53:25,601 [INFO] DocumentExtractor:   Progress: 10/74 halaman
2026-06-30 12:53:27,428 [INFO] DocumentExtractor:   Progress: 20/74 halaman
2026-06-30 12:53:29,074 [INFO] DocumentExtractor:   Progress: 30/74 halaman
2026-06-30 12:53:30,546 [INFO] DocumentExtractor:   Progress: 40/74 halaman
2026-06-30 12:53:32,219 [INFO] DocumentExtractor:   Progress: 50/74 halaman
2026-06-30 12:53:33,727 [INFO] DocumentExtractor:   Progress: 60/74 halaman
2026-06-30 12:53:34,709 [INFO] DocumentExtractor:   Progress: 70/74 halaman
2026-06-30 12:53:35,000 [INFO] DocumentExtractor: Tersimpan: 02_extracted_text\uu_20_2016_merek_indikasi_geografis_extracted.json
2026-06-30 12:53:35,004 [INFO] DocumentExtractor: Memproses: uu_33_2014_jaminan_produk_halal.pdf (.pdf)
2026-06-30 12:53:36,684 [INFO] DocumentExtractor:   Progress: 10/40 halaman
2026-06-30 12:53:38,026 [INFO] DocumentExtractor:   Progress: 20/40 halaman
2026-06-30 12:53:39,224 [INFO] DocumentExtractor:   Progress: 30/40 halaman
2026-06-30 12:53:39,987 [INFO] DocumentExtractor:   Progress: 40/40 halaman
2026-06-30 12:53:39,998 [INFO] DocumentExtractor: Tersimpan: 02_extracted_text\uu_33_2014_jaminan_produk_halal_extracted.json
2026-06-30 12:53:40,000 [INFO] DocumentExtractor: Memproses: uu_40_2007_perseroan_terbatas.pdf (.pdf)
2026-06-30 12:53:41,762 [INFO] DocumentExtractor:   Progress: 10/140 halaman
2026-06-30 12:53:43,101 [INFO] DocumentExtractor:   Progress: 20/140 halaman
2026-06-30 12:53:44,436 [INFO] DocumentExtractor:   Progress: 30/140 halaman
2026-06-30 12:53:45,672 [INFO] DocumentExtractor:   Progress: 40/140 halaman
2026-06-30 12:53:46,888 [INFO] DocumentExtractor:   Progress: 50/140 halaman
2026-06-30 12:53:48,185 [INFO] DocumentExtractor:   Progress: 60/140 halaman
2026-06-30 12:53:49,457 [INFO] DocumentExtractor:   Progress: 70/140 halaman
2026-06-30 12:53:50,698 [INFO] DocumentExtractor:   Progress: 80/140 halaman
2026-06-30 12:53:51,966 [INFO] DocumentExtractor:   Progress: 90/140 halaman
2026-06-30 12:53:53,127 [INFO] DocumentExtractor:   Progress: 100/140 halaman
2026-06-30 12:53:54,308 [INFO] DocumentExtractor:   Progress: 110/140 halaman
2026-06-30 12:53:55,532 [INFO] DocumentExtractor:   Progress: 120/140 halaman
2026-06-30 12:53:56,722 [INFO] DocumentExtractor:   Progress: 130/140 halaman
2026-06-30 12:53:57,547 [INFO] DocumentExtractor:   Progress: 140/140 halaman
2026-06-30 12:53:57,584 [INFO] DocumentExtractor: Tersimpan: 02_extracted_text\uu_40_2007_perseroan_terbatas_extracted.json
2026-06-30 12:53:57,585 [INFO] DocumentExtractor: Memproses: uu_8_1999_perlindungan_konsumen.pdf (.pdf)
2026-06-30 12:53:59,179 [INFO] DocumentExtractor:   Progress: 10/54 halaman
2026-06-30 12:54:00,553 [INFO] DocumentExtractor:   Progress: 20/54 halaman
2026-06-30 12:54:01,774 [INFO] DocumentExtractor:   Progress: 30/54 halaman
2026-06-30 12:54:03,050 [INFO] DocumentExtractor:   Progress: 40/54 halaman
2026-06-30 12:54:03,801 [INFO] DocumentExtractor:   Progress: 50/54 halaman
2026-06-30 12:54:04,052 [INFO] DocumentExtractor: Tersimpan: 02_extracted_text\uu_8_1999_perlindungan_konsumen_extracted.json
2026-06-30 12:54:04,053 [INFO] DocumentExtractor: Memproses: kuhd.PDF (.pdf)
2026-06-30 12:54:06,637 [INFO] DocumentExtractor:   Progress: 10/165 halaman
2026-06-30 12:54:08,987 [INFO] DocumentExtractor:   Progress: 20/165 halaman
2026-06-30 12:54:11,496 [INFO] DocumentExtractor:   Progress: 30/165 halaman
2026-06-30 12:54:13,838 [INFO] DocumentExtractor:   Progress: 40/165 halaman
2026-06-30 12:54:16,550 [INFO] DocumentExtractor:   Progress: 50/165 halaman
2026-06-30 12:54:18,759 [INFO] DocumentExtractor:   Progress: 60/165 halaman
2026-06-30 12:54:21,146 [INFO] DocumentExtractor:   Progress: 70/165 halaman
2026-06-30 12:54:23,799 [INFO] DocumentExtractor:   Progress: 80/165 halaman
2026-06-30 12:54:26,893 [INFO] DocumentExtractor:   Progress: 90/165 halaman
2026-06-30 12:54:29,843 [INFO] DocumentExtractor:   Progress: 100/165 halaman
2026-06-30 12:54:32,827 [INFO] DocumentExtractor:   Progress: 110/165 halaman
2026-06-30 12:54:35,642 [INFO] DocumentExtractor:   Progress: 120/165 halaman
2026-06-30 12:54:38,651 [INFO] DocumentExtractor:   Progress: 130/165 halaman
2026-06-30 12:54:41,221 [INFO] DocumentExtractor:   Progress: 140/165 halaman
2026-06-30 12:54:44,233 [INFO] DocumentExtractor:   Progress: 150/165 halaman
2026-06-30 12:54:47,253 [INFO] DocumentExtractor:   Progress: 160/165 halaman
2026-06-30 12:54:48,598 [INFO] DocumentExtractor: Tersimpan: 02_extracted_text\kuhd_extracted.json
2026-06-30 12:54:48,600 [INFO] DocumentExtractor: Memproses: kuhperdata_buku_3_perikatan.pdf (.pdf)
2026-06-30 12:54:51,602 [INFO] DocumentExtractor:   Progress: 10/111 halaman
2026-06-30 12:54:54,743 [INFO] DocumentExtractor:   Progress: 20/111 halaman
2026-06-30 12:54:57,596 [INFO] DocumentExtractor:   Progress: 30/111 halaman
2026-06-30 12:54:59,824 [INFO] DocumentExtractor:   Progress: 40/111 halaman
2026-06-30 12:55:01,972 [INFO] DocumentExtractor:   Progress: 50/111 halaman
2026-06-30 12:55:04,693 [INFO] DocumentExtractor:   Progress: 60/111 halaman
2026-06-30 12:55:07,585 [INFO] DocumentExtractor:   Progress: 70/111 halaman
2026-06-30 12:55:10,164 [INFO] DocumentExtractor:   Progress: 80/111 halaman
2026-06-30 12:55:12,544 [INFO] DocumentExtractor:   Progress: 90/111 halaman
2026-06-30 12:55:14,688 [INFO] DocumentExtractor:   Progress: 100/111 halaman
2026-06-30 12:55:17,041 [INFO] DocumentExtractor:   Progress: 110/111 halaman
2026-06-30 12:55:17,256 [INFO] DocumentExtractor: Tersimpan: 02_extracted_text\kuhperdata_buku_3_perikatan_extracted.json
2026-06-30 12:55:17,257 [INFO] DocumentExtractor: Memproses: permenkes_1096_2011_higiene_sanitasi.pdf (.pdf)
2026-06-30 12:55:19,282 [INFO] DocumentExtractor:   Progress: 10/74 halaman
2026-06-30 12:55:21,943 [INFO] DocumentExtractor:   Progress: 20/74 halaman
2026-06-30 12:55:24,497 [INFO] DocumentExtractor:   Progress: 30/74 halaman
2026-06-30 12:55:26,745 [INFO] DocumentExtractor:   Progress: 40/74 halaman
2026-06-30 12:55:29,655 [INFO] DocumentExtractor:   Progress: 50/74 halaman
2026-06-30 12:55:31,793 [INFO] DocumentExtractor:   Progress: 60/74 halaman
2026-06-30 12:55:34,467 [INFO] DocumentExtractor:   Progress: 70/74 halaman
2026-06-30 12:55:35,220 [INFO] DocumentExtractor: Tersimpan: 02_extracted_text\permenkes_1096_2011_higiene_sanitasi_extracted.json
2026-06-30 12:55:35,221 [INFO] DocumentExtractor: Memproses: pp_39_2021_jaminan_produk_halal.pdf (.pdf)
2026-06-30 12:55:36,711 [INFO] DocumentExtractor:   Progress: 10/110 halaman
2026-06-30 12:55:38,130 [INFO] DocumentExtractor:   Progress: 20/110 halaman
2026-06-30 12:55:39,281 [INFO] DocumentExtractor:   Progress: 30/110 halaman
2026-06-30 12:55:40,540 [INFO] DocumentExtractor:   Progress: 40/110 halaman
2026-06-30 12:55:41,760 [INFO] DocumentExtractor:   Progress: 50/110 halaman
2026-06-30 12:55:43,156 [INFO] DocumentExtractor:   Progress: 60/110 halaman
2026-06-30 12:55:44,357 [INFO] DocumentExtractor:   Progress: 70/110 halaman
2026-06-30 12:55:45,699 [INFO] DocumentExtractor:   Progress: 80/110 halaman
2026-06-30 12:55:46,946 [INFO] DocumentExtractor:   Progress: 90/110 halaman
2026-06-30 12:55:47,635 [INFO] DocumentExtractor:   Progress: 100/110 halaman
2026-06-30 12:55:48,070 [INFO] DocumentExtractor:   Progress: 110/110 halaman
2026-06-30 12:55:48,097 [INFO] DocumentExtractor: Tersimpan: 02_extracted_text\pp_39_2021_jaminan_produk_halal_extracted.json
2026-06-30 12:55:48,098 [INFO] DocumentExtractor: Memproses: pp_5_2021_perizinan_berbasis_risiko.pdf (.pdf)
2026-06-30 12:55:50,635 [INFO] DocumentExtractor:   Progress: 10/739 halaman
2026-06-30 12:55:52,055 [INFO] DocumentExtractor:   Progress: 20/739 halaman
2026-06-30 12:55:53,408 [INFO] DocumentExtractor:   Progress: 30/739 halaman
2026-06-30 12:55:54,795 [INFO] DocumentExtractor:   Progress: 40/739 halaman
2026-06-30 12:55:56,173 [INFO] DocumentExtractor:   Progress: 50/739 halaman
2026-06-30 12:55:57,677 [INFO] DocumentExtractor:   Progress: 60/739 halaman
2026-06-30 12:55:59,289 [INFO] DocumentExtractor:   Progress: 70/739 halaman
2026-06-30 12:56:00,706 [INFO] DocumentExtractor:   Progress: 80/739 halaman
2026-06-30 12:56:02,017 [INFO] DocumentExtractor:   Progress: 90/739 halaman
2026-06-30 12:56:03,447 [INFO] DocumentExtractor:   Progress: 100/739 halaman
2026-06-30 12:56:04,816 [INFO] DocumentExtractor:   Progress: 110/739 halaman
2026-06-30 12:56:06,245 [INFO] DocumentExtractor:   Progress: 120/739 halaman
2026-06-30 12:56:07,714 [INFO] DocumentExtractor:   Progress: 130/739 halaman
2026-06-30 12:56:09,137 [INFO] DocumentExtractor:   Progress: 140/739 halaman
2026-06-30 12:56:10,487 [INFO] DocumentExtractor:   Progress: 150/739 halaman
2026-06-30 12:56:11,881 [INFO] DocumentExtractor:   Progress: 160/739 halaman
2026-06-30 12:56:13,093 [INFO] DocumentExtractor:   Progress: 170/739 halaman
2026-06-30 12:56:14,509 [INFO] DocumentExtractor:   Progress: 180/739 halaman
2026-06-30 12:56:16,050 [INFO] DocumentExtractor:   Progress: 190/739 halaman
2026-06-30 12:56:17,660 [INFO] DocumentExtractor:   Progress: 200/739 halaman
2026-06-30 12:56:19,206 [INFO] DocumentExtractor:   Progress: 210/739 halaman
2026-06-30 12:56:20,776 [INFO] DocumentExtractor:   Progress: 220/739 halaman
2026-06-30 12:56:22,334 [INFO] DocumentExtractor:   Progress: 230/739 halaman
2026-06-30 12:56:24,127 [INFO] DocumentExtractor:   Progress: 240/739 halaman
2026-06-30 12:56:25,823 [INFO] DocumentExtractor:   Progress: 250/739 halaman
2026-06-30 12:56:27,492 [INFO] DocumentExtractor:   Progress: 260/739 halaman
2026-06-30 12:56:29,230 [INFO] DocumentExtractor:   Progress: 270/739 halaman
2026-06-30 12:56:30,936 [INFO] DocumentExtractor:   Progress: 280/739 halaman
2026-06-30 12:56:32,678 [INFO] DocumentExtractor:   Progress: 290/739 halaman
2026-06-30 12:56:34,477 [INFO] DocumentExtractor:   Progress: 300/739 halaman
2026-06-30 12:56:35,922 [INFO] DocumentExtractor:   Progress: 310/739 halaman
2026-06-30 12:56:37,614 [INFO] DocumentExtractor:   Progress: 320/739 halaman
2026-06-30 12:56:39,322 [INFO] DocumentExtractor:   Progress: 330/739 halaman
2026-06-30 12:56:41,143 [INFO] DocumentExtractor:   Progress: 340/739 halaman
2026-06-30 12:56:42,709 [INFO] DocumentExtractor:   Progress: 350/739 halaman
2026-06-30 12:56:42,813 [INFO] DocumentExtractor:   Progress: 360/739 halaman
2026-06-30 12:56:42,918 [INFO] DocumentExtractor:   Progress: 370/739 halaman
2026-06-30 12:56:43,022 [INFO] DocumentExtractor:   Progress: 380/739 halaman
2026-06-30 12:56:43,122 [INFO] DocumentExtractor:   Progress: 390/739 halaman
2026-06-30 12:56:43,223 [INFO] DocumentExtractor:   Progress: 400/739 halaman
2026-06-30 12:56:43,321 [INFO] DocumentExtractor:   Progress: 410/739 halaman
2026-06-30 12:56:43,434 [INFO] DocumentExtractor:   Progress: 420/739 halaman
2026-06-30 12:56:43,545 [INFO] DocumentExtractor:   Progress: 430/739 halaman
2026-06-30 12:56:43,648 [INFO] DocumentExtractor:   Progress: 440/739 halaman
2026-06-30 12:56:43,751 [INFO] DocumentExtractor:   Progress: 450/739 halaman
2026-06-30 12:56:43,851 [INFO] DocumentExtractor:   Progress: 460/739 halaman
2026-06-30 12:56:43,958 [INFO] DocumentExtractor:   Progress: 470/739 halaman
2026-06-30 12:56:44,079 [INFO] DocumentExtractor:   Progress: 480/739 halaman
2026-06-30 12:56:44,204 [INFO] DocumentExtractor:   Progress: 490/739 halaman
2026-06-30 12:56:44,338 [INFO] DocumentExtractor:   Progress: 500/739 halaman
2026-06-30 12:56:44,467 [INFO] DocumentExtractor:   Progress: 510/739 halaman
2026-06-30 12:56:44,595 [INFO] DocumentExtractor:   Progress: 520/739 halaman
2026-06-30 12:56:44,728 [INFO] DocumentExtractor:   Progress: 530/739 halaman
2026-06-30 12:56:45,280 [INFO] DocumentExtractor:   Progress: 540/739 halaman
2026-06-30 12:56:45,385 [INFO] DocumentExtractor:   Progress: 550/739 halaman
2026-06-30 12:56:45,486 [INFO] DocumentExtractor:   Progress: 560/739 halaman
2026-06-30 12:56:45,593 [INFO] DocumentExtractor:   Progress: 570/739 halaman
2026-06-30 12:56:45,707 [INFO] DocumentExtractor:   Progress: 580/739 halaman
2026-06-30 12:56:45,810 [INFO] DocumentExtractor:   Progress: 590/739 halaman
2026-06-30 12:56:45,907 [INFO] DocumentExtractor:   Progress: 600/739 halaman
2026-06-30 12:56:46,016 [INFO] DocumentExtractor:   Progress: 610/739 halaman
2026-06-30 12:56:46,114 [INFO] DocumentExtractor:   Progress: 620/739 halaman
2026-06-30 12:56:46,227 [INFO] DocumentExtractor:   Progress: 630/739 halaman
2026-06-30 12:56:46,338 [INFO] DocumentExtractor:   Progress: 640/739 halaman
2026-06-30 12:56:46,450 [INFO] DocumentExtractor:   Progress: 650/739 halaman
2026-06-30 12:56:46,546 [INFO] DocumentExtractor:   Progress: 660/739 halaman
2026-06-30 12:56:46,640 [INFO] DocumentExtractor:   Progress: 670/739 halaman
2026-06-30 12:56:46,735 [INFO] DocumentExtractor:   Progress: 680/739 halaman
2026-06-30 12:56:46,828 [INFO] DocumentExtractor:   Progress: 690/739 halaman
2026-06-30 12:56:46,920 [INFO] DocumentExtractor:   Progress: 700/739 halaman
2026-06-30 12:56:47,022 [INFO] DocumentExtractor:   Progress: 710/739 halaman
2026-06-30 12:56:47,122 [INFO] DocumentExtractor:   Progress: 720/739 halaman
2026-06-30 12:56:47,231 [INFO] DocumentExtractor:   Progress: 730/739 halaman
2026-06-30 12:56:47,425 [INFO] DocumentExtractor: Tersimpan: 02_extracted_text\pp_5_2021_perizinan_berbasis_risiko_extracted.json
2026-06-30 12:56:47,426 [INFO] DocumentExtractor: Memproses: uu_11_2020_cipta_kerja.pdf (.pdf)
2026-06-30 12:56:50,984 [INFO] DocumentExtractor:   Progress: 10/1187 halaman
2026-06-30 12:56:53,130 [INFO] DocumentExtractor:   Progress: 20/1187 halaman
2026-06-30 12:56:54,833 [INFO] DocumentExtractor:   Progress: 30/1187 halaman
2026-06-30 12:56:56,283 [INFO] DocumentExtractor:   Progress: 40/1187 halaman
2026-06-30 12:56:57,913 [INFO] DocumentExtractor:   Progress: 50/1187 halaman
2026-06-30 12:56:59,126 [INFO] DocumentExtractor:   Progress: 60/1187 halaman
2026-06-30 12:57:00,573 [INFO] DocumentExtractor:   Progress: 70/1187 halaman
2026-06-30 12:57:01,982 [INFO] DocumentExtractor:   Progress: 80/1187 halaman
2026-06-30 12:57:03,278 [INFO] DocumentExtractor:   Progress: 90/1187 halaman
2026-06-30 12:57:04,679 [INFO] DocumentExtractor:   Progress: 100/1187 halaman
2026-06-30 12:57:05,725 [INFO] DocumentExtractor:   Progress: 110/1187 halaman
2026-06-30 12:57:07,067 [INFO] DocumentExtractor:   Progress: 120/1187 halaman
2026-06-30 12:57:08,422 [INFO] DocumentExtractor:   Progress: 130/1187 halaman
2026-06-30 12:57:09,878 [INFO] DocumentExtractor:   Progress: 140/1187 halaman
2026-06-30 12:57:11,311 [INFO] DocumentExtractor:   Progress: 150/1187 halaman
2026-06-30 12:57:12,665 [INFO] DocumentExtractor:   Progress: 160/1187 halaman
2026-06-30 12:57:14,056 [INFO] DocumentExtractor:   Progress: 170/1187 halaman
2026-06-30 12:57:15,553 [INFO] DocumentExtractor:   Progress: 180/1187 halaman
2026-06-30 12:57:17,033 [INFO] DocumentExtractor:   Progress: 190/1187 halaman
2026-06-30 12:57:18,342 [INFO] DocumentExtractor:   Progress: 200/1187 halaman
2026-06-30 12:57:19,879 [INFO] DocumentExtractor:   Progress: 210/1187 halaman
2026-06-30 12:57:21,501 [INFO] DocumentExtractor:   Progress: 220/1187 halaman
2026-06-30 12:57:23,116 [INFO] DocumentExtractor:   Progress: 230/1187 halaman
2026-06-30 12:57:24,725 [INFO] DocumentExtractor:   Progress: 240/1187 halaman
2026-06-30 12:57:26,282 [INFO] DocumentExtractor:   Progress: 250/1187 halaman
2026-06-30 12:57:27,802 [INFO] DocumentExtractor:   Progress: 260/1187 halaman
2026-06-30 12:57:29,035 [INFO] DocumentExtractor:   Progress: 270/1187 halaman
2026-06-30 12:57:30,462 [INFO] DocumentExtractor:   Progress: 280/1187 halaman
2026-06-30 12:57:31,964 [INFO] DocumentExtractor:   Progress: 290/1187 halaman
2026-06-30 12:57:33,537 [INFO] DocumentExtractor:   Progress: 300/1187 halaman
2026-06-30 12:57:34,727 [INFO] DocumentExtractor:   Progress: 310/1187 halaman
2026-06-30 12:57:36,160 [INFO] DocumentExtractor:   Progress: 320/1187 halaman
2026-06-30 12:57:37,744 [INFO] DocumentExtractor:   Progress: 330/1187 halaman
2026-06-30 12:57:39,422 [INFO] DocumentExtractor:   Progress: 340/1187 halaman
2026-06-30 12:57:41,065 [INFO] DocumentExtractor:   Progress: 350/1187 halaman
2026-06-30 12:57:42,163 [INFO] DocumentExtractor:   Progress: 360/1187 halaman
2026-06-30 12:57:43,808 [INFO] DocumentExtractor:   Progress: 370/1187 halaman
2026-06-30 12:57:45,463 [INFO] DocumentExtractor:   Progress: 380/1187 halaman
2026-06-30 12:57:47,149 [INFO] DocumentExtractor:   Progress: 390/1187 halaman
2026-06-30 12:57:48,322 [INFO] DocumentExtractor:   Progress: 400/1187 halaman
2026-06-30 12:57:50,092 [INFO] DocumentExtractor:   Progress: 410/1187 halaman
2026-06-30 12:57:51,871 [INFO] DocumentExtractor:   Progress: 420/1187 halaman
2026-06-30 12:57:53,432 [INFO] DocumentExtractor:   Progress: 430/1187 halaman
2026-06-30 12:57:54,557 [INFO] DocumentExtractor:   Progress: 440/1187 halaman
2026-06-30 12:57:56,308 [INFO] DocumentExtractor:   Progress: 450/1187 halaman
2026-06-30 12:57:58,097 [INFO] DocumentExtractor:   Progress: 460/1187 halaman
2026-06-30 12:57:59,942 [INFO] DocumentExtractor:   Progress: 470/1187 halaman
2026-06-30 12:58:01,384 [INFO] DocumentExtractor:   Progress: 480/1187 halaman
2026-06-30 12:58:03,038 [INFO] DocumentExtractor:   Progress: 490/1187 halaman
2026-06-30 12:58:04,843 [INFO] DocumentExtractor:   Progress: 500/1187 halaman
2026-06-30 12:58:06,694 [INFO] DocumentExtractor:   Progress: 510/1187 halaman
2026-06-30 12:58:07,970 [INFO] DocumentExtractor:   Progress: 520/1187 halaman
2026-06-30 12:58:09,791 [INFO] DocumentExtractor:   Progress: 530/1187 halaman
2026-06-30 12:58:11,757 [INFO] DocumentExtractor:   Progress: 540/1187 halaman
2026-06-30 12:58:13,681 [INFO] DocumentExtractor:   Progress: 550/1187 halaman
2026-06-30 12:58:15,715 [INFO] DocumentExtractor:   Progress: 560/1187 halaman
2026-06-30 12:58:16,891 [INFO] DocumentExtractor:   Progress: 570/1187 halaman
2026-06-30 12:58:18,886 [INFO] DocumentExtractor:   Progress: 580/1187 halaman
2026-06-30 12:58:21,002 [INFO] DocumentExtractor:   Progress: 590/1187 halaman
2026-06-30 12:58:23,220 [INFO] DocumentExtractor:   Progress: 600/1187 halaman
2026-06-30 12:58:24,505 [INFO] DocumentExtractor:   Progress: 610/1187 halaman
2026-06-30 12:58:26,392 [INFO] DocumentExtractor:   Progress: 620/1187 halaman
2026-06-30 12:58:28,549 [INFO] DocumentExtractor:   Progress: 630/1187 halaman
2026-06-30 12:58:30,621 [INFO] DocumentExtractor:   Progress: 640/1187 halaman
2026-06-30 12:58:32,754 [INFO] DocumentExtractor:   Progress: 650/1187 halaman
2026-06-30 12:58:35,048 [INFO] DocumentExtractor:   Progress: 660/1187 halaman
2026-06-30 12:58:36,368 [INFO] DocumentExtractor:   Progress: 670/1187 halaman
2026-06-30 12:58:38,606 [INFO] DocumentExtractor:   Progress: 680/1187 halaman
2026-06-30 12:58:40,794 [INFO] DocumentExtractor:   Progress: 690/1187 halaman
2026-06-30 12:58:42,926 [INFO] DocumentExtractor:   Progress: 700/1187 halaman
2026-06-30 12:58:44,126 [INFO] DocumentExtractor:   Progress: 710/1187 halaman
2026-06-30 12:58:46,127 [INFO] DocumentExtractor:   Progress: 720/1187 halaman
2026-06-30 12:58:48,381 [INFO] DocumentExtractor:   Progress: 730/1187 halaman
2026-06-30 12:58:50,861 [INFO] DocumentExtractor:   Progress: 740/1187 halaman
2026-06-30 12:58:52,149 [INFO] DocumentExtractor:   Progress: 750/1187 halaman
2026-06-30 12:58:54,341 [INFO] DocumentExtractor:   Progress: 760/1187 halaman
2026-06-30 12:58:56,667 [INFO] DocumentExtractor:   Progress: 770/1187 halaman
2026-06-30 12:58:58,908 [INFO] DocumentExtractor:   Progress: 780/1187 halaman
2026-06-30 12:59:01,421 [INFO] DocumentExtractor:   Progress: 790/1187 halaman
2026-06-30 12:59:02,370 [INFO] DocumentExtractor:   Progress: 800/1187 halaman
2026-06-30 12:59:03,133 [INFO] DocumentExtractor:   Progress: 810/1187 halaman
2026-06-30 12:59:04,649 [INFO] DocumentExtractor:   Progress: 820/1187 halaman
2026-06-30 12:59:05,252 [INFO] DocumentExtractor:   Progress: 830/1187 halaman
2026-06-30 12:59:07,235 [INFO] DocumentExtractor:   Progress: 840/1187 halaman
2026-06-30 12:59:07,699 [INFO] DocumentExtractor:   Progress: 850/1187 halaman
2026-06-30 12:59:08,260 [INFO] DocumentExtractor:   Progress: 860/1187 halaman
2026-06-30 12:59:10,191 [INFO] DocumentExtractor:   Progress: 870/1187 halaman
2026-06-30 12:59:11,083 [INFO] DocumentExtractor:   Progress: 880/1187 halaman
2026-06-30 12:59:13,009 [INFO] DocumentExtractor:   Progress: 890/1187 halaman
2026-06-30 12:59:13,423 [INFO] DocumentExtractor:   Progress: 900/1187 halaman
2026-06-30 12:59:14,264 [INFO] DocumentExtractor:   Progress: 910/1187 halaman
2026-06-30 12:59:15,891 [INFO] DocumentExtractor:   Progress: 920/1187 halaman
2026-06-30 12:59:16,466 [INFO] DocumentExtractor:   Progress: 930/1187 halaman
2026-06-30 12:59:18,322 [INFO] DocumentExtractor:   Progress: 940/1187 halaman
2026-06-30 12:59:18,815 [INFO] DocumentExtractor:   Progress: 950/1187 halaman
2026-06-30 12:59:19,291 [INFO] DocumentExtractor:   Progress: 960/1187 halaman
2026-06-30 12:59:21,284 [INFO] DocumentExtractor:   Progress: 970/1187 halaman
2026-06-30 12:59:21,760 [INFO] DocumentExtractor:   Progress: 980/1187 halaman
2026-06-30 12:59:22,337 [INFO] DocumentExtractor:   Progress: 990/1187 halaman
2026-06-30 12:59:24,325 [INFO] DocumentExtractor:   Progress: 1000/1187 halaman
2026-06-30 12:59:24,965 [INFO] DocumentExtractor:   Progress: 1010/1187 halaman
2026-06-30 12:59:25,584 [INFO] DocumentExtractor:   Progress: 1020/1187 halaman
2026-06-30 12:59:27,519 [INFO] DocumentExtractor:   Progress: 1030/1187 halaman
2026-06-30 12:59:28,319 [INFO] DocumentExtractor:   Progress: 1040/1187 halaman
2026-06-30 12:59:30,327 [INFO] DocumentExtractor:   Progress: 1050/1187 halaman
2026-06-30 12:59:30,857 [INFO] DocumentExtractor:   Progress: 1060/1187 halaman
2026-06-30 12:59:31,803 [INFO] DocumentExtractor:   Progress: 1070/1187 halaman
2026-06-30 12:59:33,997 [INFO] DocumentExtractor:   Progress: 1080/1187 halaman
2026-06-30 12:59:36,656 [INFO] DocumentExtractor:   Progress: 1090/1187 halaman
2026-06-30 12:59:39,257 [INFO] DocumentExtractor:   Progress: 1100/1187 halaman
2026-06-30 12:59:40,647 [INFO] DocumentExtractor:   Progress: 1110/1187 halaman
2026-06-30 12:59:42,815 [INFO] DocumentExtractor:   Progress: 1120/1187 halaman
2026-06-30 12:59:45,380 [INFO] DocumentExtractor:   Progress: 1130/1187 halaman
2026-06-30 12:59:47,896 [INFO] DocumentExtractor:   Progress: 1140/1187 halaman
2026-06-30 12:59:48,505 [INFO] DocumentExtractor:   Progress: 1150/1187 halaman
2026-06-30 12:59:49,286 [INFO] DocumentExtractor:   Progress: 1160/1187 halaman
2026-06-30 12:59:51,516 [INFO] DocumentExtractor:   Progress: 1170/1187 halaman
2026-06-30 12:59:52,314 [INFO] DocumentExtractor:   Progress: 1180/1187 halaman
2026-06-30 12:59:53,936 [INFO] DocumentExtractor: Tersimpan: 02_extracted_text\uu_11_2020_cipta_kerja_extracted.json
2026-06-30 12:59:53,938 [INFO] DocumentExtractor: Memproses: uu_13_2003_ketenagakerjaan.pdf (.pdf)
2026-06-30 12:59:58,200 [INFO] DocumentExtractor:   Progress: 10/128 halaman
2026-06-30 13:00:01,047 [INFO] DocumentExtractor:   Progress: 20/128 halaman
2026-06-30 13:00:03,190 [INFO] DocumentExtractor:   Progress: 30/128 halaman
2026-06-30 13:00:05,111 [INFO] DocumentExtractor:   Progress: 40/128 halaman
2026-06-30 13:00:06,666 [INFO] DocumentExtractor:   Progress: 50/128 halaman
2026-06-30 13:00:08,182 [INFO] DocumentExtractor:   Progress: 60/128 halaman
2026-06-30 13:00:09,851 [INFO] DocumentExtractor:   Progress: 70/128 halaman
2026-06-30 13:00:11,260 [INFO] DocumentExtractor:   Progress: 80/128 halaman
2026-06-30 13:00:12,364 [INFO] DocumentExtractor:   Progress: 90/128 halaman
2026-06-30 13:00:13,244 [INFO] DocumentExtractor:   Progress: 100/128 halaman
2026-06-30 13:00:14,061 [INFO] DocumentExtractor:   Progress: 110/128 halaman
2026-06-30 13:00:14,807 [INFO] DocumentExtractor:   Progress: 120/128 halaman
2026-06-30 13:00:15,410 [INFO] DocumentExtractor: Tersimpan: 02_extracted_text\uu_13_2003_ketenagakerjaan_extracted.json
2026-06-30 13:00:15,411 [INFO] DocumentExtractor: Memproses: uu_20_2016_merek_indikasi_geografis.pdf (.pdf)
2026-06-30 13:00:17,459 [INFO] DocumentExtractor:   Progress: 10/74 halaman
2026-06-30 13:00:19,328 [INFO] DocumentExtractor:   Progress: 20/74 halaman
2026-06-30 13:00:20,947 [INFO] DocumentExtractor:   Progress: 30/74 halaman
2026-06-30 13:00:22,484 [INFO] DocumentExtractor:   Progress: 40/74 halaman
2026-06-30 13:00:24,189 [INFO] DocumentExtractor:   Progress: 50/74 halaman
2026-06-30 13:00:25,766 [INFO] DocumentExtractor:   Progress: 60/74 halaman
2026-06-30 13:00:26,758 [INFO] DocumentExtractor:   Progress: 70/74 halaman
2026-06-30 13:00:27,026 [INFO] DocumentExtractor: Tersimpan: 02_extracted_text\uu_20_2016_merek_indikasi_geografis_extracted.json
2026-06-30 13:00:27,027 [INFO] DocumentExtractor: Memproses: uu_33_2014_jaminan_produk_halal.pdf (.pdf)
2026-06-30 13:00:28,582 [INFO] DocumentExtractor:   Progress: 10/40 halaman
2026-06-30 13:00:29,801 [INFO] DocumentExtractor:   Progress: 20/40 halaman
2026-06-30 13:00:31,002 [INFO] DocumentExtractor:   Progress: 30/40 halaman
2026-06-30 13:00:31,823 [INFO] DocumentExtractor:   Progress: 40/40 halaman
2026-06-30 13:00:31,836 [INFO] DocumentExtractor: Tersimpan: 02_extracted_text\uu_33_2014_jaminan_produk_halal_extracted.json
2026-06-30 13:00:31,837 [INFO] DocumentExtractor: Memproses: uu_40_2007_perseroan_terbatas.pdf (.pdf)
2026-06-30 13:00:33,319 [INFO] DocumentExtractor:   Progress: 10/140 halaman
2026-06-30 13:00:34,604 [INFO] DocumentExtractor:   Progress: 20/140 halaman
2026-06-30 13:00:35,878 [INFO] DocumentExtractor:   Progress: 30/140 halaman
2026-06-30 13:00:37,083 [INFO] DocumentExtractor:   Progress: 40/140 halaman
2026-06-30 13:00:38,344 [INFO] DocumentExtractor:   Progress: 50/140 halaman
2026-06-30 13:00:39,601 [INFO] DocumentExtractor:   Progress: 60/140 halaman
2026-06-30 13:00:40,926 [INFO] DocumentExtractor:   Progress: 70/140 halaman
2026-06-30 13:00:42,136 [INFO] DocumentExtractor:   Progress: 80/140 halaman
2026-06-30 13:00:43,365 [INFO] DocumentExtractor:   Progress: 90/140 halaman
2026-06-30 13:00:44,313 [INFO] DocumentExtractor:   Progress: 100/140 halaman
2026-06-30 13:00:45,468 [INFO] DocumentExtractor:   Progress: 110/140 halaman
2026-06-30 13:00:46,624 [INFO] DocumentExtractor:   Progress: 120/140 halaman
2026-06-30 13:00:47,854 [INFO] DocumentExtractor:   Progress: 130/140 halaman
2026-06-30 13:00:48,687 [INFO] DocumentExtractor:   Progress: 140/140 halaman
2026-06-30 13:00:48,725 [INFO] DocumentExtractor: Tersimpan: 02_extracted_text\uu_40_2007_perseroan_terbatas_extracted.json
2026-06-30 13:00:48,727 [INFO] DocumentExtractor: Memproses: uu_8_1999_perlindungan_konsumen.pdf (.pdf)
2026-06-30 13:00:50,167 [INFO] DocumentExtractor:   Progress: 10/54 halaman
2026-06-30 13:00:51,444 [INFO] DocumentExtractor:   Progress: 20/54 halaman
2026-06-30 13:00:52,557 [INFO] DocumentExtractor:   Progress: 30/54 halaman
2026-06-30 13:00:53,741 [INFO] DocumentExtractor:   Progress: 40/54 halaman
2026-06-30 13:00:54,507 [INFO] DocumentExtractor:   Progress: 50/54 halaman
2026-06-30 13:00:54,753 [INFO] DocumentExtractor: Tersimpan: 02_extracted_text\uu_8_1999_perlindungan_konsumen_extracted.json
