2026-05-18 20:02:13,600 [INFO] PDFExtractor: [pdfplumber] Memproses: permendag_31_2023_perdagangan_elektronik.pdf
2026-05-18 20:02:14,765 [INFO] PDFExtractor:   Progress: 10/29 halaman
2026-05-18 20:02:15,921 [INFO] PDFExtractor:   Progress: 20/29 halaman
2026-05-18 20:02:16,946 [INFO] PDFExtractor: Tersimpan: 02_extracted_text\permendag_31_2023_perdagangan_elektronik_extracted.json
2026-05-18 20:02:16,947 [INFO] PDFExtractor: [pdfplumber] Memproses: pp_23_2018_pajak_umkm.pdf
2026-05-18 20:02:17,600 [INFO] PDFExtractor:   Progress: 10/21 halaman
2026-05-18 20:02:18,283 [INFO] PDFExtractor:   Progress: 20/21 halaman
2026-05-18 20:02:18,348 [INFO] PDFExtractor: Tersimpan: 02_extracted_text\pp_23_2018_pajak_umkm_extracted.json
2026-05-18 20:02:18,349 [INFO] PDFExtractor: [pdfplumber] Memproses: pp_55_2022_pajak_penghasilan.pdf
2026-05-18 20:02:19,148 [INFO] PDFExtractor:   Progress: 10/118 halaman
2026-05-18 20:02:19,873 [INFO] PDFExtractor:   Progress: 20/118 halaman
2026-05-18 20:02:20,468 [INFO] PDFExtractor:   Progress: 30/118 halaman
2026-05-18 20:02:21,151 [INFO] PDFExtractor:   Progress: 40/118 halaman
2026-05-18 20:02:21,829 [INFO] PDFExtractor:   Progress: 50/118 halaman
2026-05-18 20:02:22,641 [INFO] PDFExtractor:   Progress: 60/118 halaman
2026-05-18 20:02:23,306 [INFO] PDFExtractor:   Progress: 70/118 halaman
2026-05-18 20:02:23,925 [INFO] PDFExtractor:   Progress: 80/118 halaman
2026-05-18 20:02:24,586 [INFO] PDFExtractor:   Progress: 90/118 halaman
2026-05-18 20:02:25,283 [INFO] PDFExtractor:   Progress: 100/118 halaman
2026-05-18 20:02:26,127 [INFO] PDFExtractor:   Progress: 110/118 halaman
2026-05-18 20:02:26,761 [INFO] PDFExtractor: Tersimpan: 02_extracted_text\pp_55_2022_pajak_penghasilan_extracted.json
2026-05-18 20:02:26,761 [INFO] PDFExtractor: [pdfplumber] Memproses: pp_5_2021_perizinan_berbasis_risiko.pdf
2026-05-18 20:02:28,388 [INFO] PDFExtractor:   Progress: 10/739 halaman
2026-05-18 20:02:29,104 [INFO] PDFExtractor:   Progress: 20/739 halaman
2026-05-18 20:02:29,770 [INFO] PDFExtractor:   Progress: 30/739 halaman
2026-05-18 20:02:30,323 [INFO] PDFExtractor:   Progress: 40/739 halaman
2026-05-18 20:02:30,903 [INFO] PDFExtractor:   Progress: 50/739 halaman
2026-05-18 20:02:31,536 [INFO] PDFExtractor:   Progress: 60/739 halaman
2026-05-18 20:02:32,184 [INFO] PDFExtractor:   Progress: 70/739 halaman
2026-05-18 20:02:32,778 [INFO] PDFExtractor:   Progress: 80/739 halaman
2026-05-18 20:02:33,368 [INFO] PDFExtractor:   Progress: 90/739 halaman
2026-05-18 20:02:33,967 [INFO] PDFExtractor:   Progress: 100/739 halaman
2026-05-18 20:02:34,581 [INFO] PDFExtractor:   Progress: 110/739 halaman
2026-05-18 20:02:35,233 [INFO] PDFExtractor:   Progress: 120/739 halaman
2026-05-18 20:02:35,915 [INFO] PDFExtractor:   Progress: 130/739 halaman
2026-05-18 20:02:36,596 [INFO] PDFExtractor:   Progress: 140/739 halaman
2026-05-18 20:02:37,267 [INFO] PDFExtractor:   Progress: 150/739 halaman
2026-05-18 20:02:37,946 [INFO] PDFExtractor:   Progress: 160/739 halaman
2026-05-18 20:02:38,704 [INFO] PDFExtractor:   Progress: 170/739 halaman
2026-05-18 20:02:39,507 [INFO] PDFExtractor:   Progress: 180/739 halaman
2026-05-18 20:02:40,178 [INFO] PDFExtractor:   Progress: 190/739 halaman
2026-05-18 20:02:40,979 [INFO] PDFExtractor:   Progress: 200/739 halaman
2026-05-18 20:02:41,795 [INFO] PDFExtractor:   Progress: 210/739 halaman
2026-05-18 20:02:42,547 [INFO] PDFExtractor:   Progress: 220/739 halaman
2026-05-18 20:02:43,260 [INFO] PDFExtractor:   Progress: 230/739 halaman
2026-05-18 20:02:44,026 [INFO] PDFExtractor:   Progress: 240/739 halaman
2026-05-18 20:02:44,977 [INFO] PDFExtractor:   Progress: 250/739 halaman
2026-05-18 20:02:45,901 [INFO] PDFExtractor:   Progress: 260/739 halaman
2026-05-18 20:02:46,701 [INFO] PDFExtractor:   Progress: 270/739 halaman
2026-05-18 20:02:47,488 [INFO] PDFExtractor:   Progress: 280/739 halaman
2026-05-18 20:02:48,293 [INFO] PDFExtractor:   Progress: 290/739 halaman
2026-05-18 20:02:49,137 [INFO] PDFExtractor:   Progress: 300/739 halaman
2026-05-18 20:02:50,036 [INFO] PDFExtractor:   Progress: 310/739 halaman
2026-05-18 20:02:50,887 [INFO] PDFExtractor:   Progress: 320/739 halaman
2026-05-18 20:02:51,743 [INFO] PDFExtractor:   Progress: 330/739 halaman
2026-05-18 20:02:52,662 [INFO] PDFExtractor:   Progress: 340/739 halaman
2026-05-18 20:02:53,100 [INFO] PDFExtractor:   Progress: 350/739 halaman
2026-05-18 20:02:53,146 [INFO] PDFExtractor:   Progress: 360/739 halaman
2026-05-18 20:02:53,196 [INFO] PDFExtractor:   Progress: 370/739 halaman
2026-05-18 20:02:53,251 [INFO] PDFExtractor:   Progress: 380/739 halaman
2026-05-18 20:02:53,318 [INFO] PDFExtractor:   Progress: 390/739 halaman
2026-05-18 20:02:53,383 [INFO] PDFExtractor:   Progress: 400/739 halaman
2026-05-18 20:02:53,450 [INFO] PDFExtractor:   Progress: 410/739 halaman
2026-05-18 20:02:53,527 [INFO] PDFExtractor:   Progress: 420/739 halaman
2026-05-18 20:02:53,590 [INFO] PDFExtractor:   Progress: 430/739 halaman
2026-05-18 20:02:53,945 [INFO] PDFExtractor:   Progress: 440/739 halaman
2026-05-18 20:02:53,993 [INFO] PDFExtractor:   Progress: 450/739 halaman
2026-05-18 20:02:54,041 [INFO] PDFExtractor:   Progress: 460/739 halaman
2026-05-18 20:02:54,089 [INFO] PDFExtractor:   Progress: 470/739 halaman
2026-05-18 20:02:54,135 [INFO] PDFExtractor:   Progress: 480/739 halaman
2026-05-18 20:02:54,179 [INFO] PDFExtractor:   Progress: 490/739 halaman
2026-05-18 20:02:54,224 [INFO] PDFExtractor:   Progress: 500/739 halaman
2026-05-18 20:02:54,270 [INFO] PDFExtractor:   Progress: 510/739 halaman
2026-05-18 20:02:54,315 [INFO] PDFExtractor:   Progress: 520/739 halaman
2026-05-18 20:02:54,360 [INFO] PDFExtractor:   Progress: 530/739 halaman
2026-05-18 20:02:54,411 [INFO] PDFExtractor:   Progress: 540/739 halaman
2026-05-18 20:02:54,460 [INFO] PDFExtractor:   Progress: 550/739 halaman
2026-05-18 20:02:54,509 [INFO] PDFExtractor:   Progress: 560/739 halaman
2026-05-18 20:02:54,562 [INFO] PDFExtractor:   Progress: 570/739 halaman
2026-05-18 20:02:54,612 [INFO] PDFExtractor:   Progress: 580/739 halaman
2026-05-18 20:02:54,665 [INFO] PDFExtractor:   Progress: 590/739 halaman
2026-05-18 20:02:54,715 [INFO] PDFExtractor:   Progress: 600/739 halaman
2026-05-18 20:02:54,764 [INFO] PDFExtractor:   Progress: 610/739 halaman
2026-05-18 20:02:54,810 [INFO] PDFExtractor:   Progress: 620/739 halaman
2026-05-18 20:02:54,865 [INFO] PDFExtractor:   Progress: 630/739 halaman
2026-05-18 20:02:54,918 [INFO] PDFExtractor:   Progress: 640/739 halaman
2026-05-18 20:02:54,969 [INFO] PDFExtractor:   Progress: 650/739 halaman
2026-05-18 20:02:55,019 [INFO] PDFExtractor:   Progress: 660/739 halaman
2026-05-18 20:02:55,070 [INFO] PDFExtractor:   Progress: 670/739 halaman
2026-05-18 20:02:55,119 [INFO] PDFExtractor:   Progress: 680/739 halaman
2026-05-18 20:02:55,166 [INFO] PDFExtractor:   Progress: 690/739 halaman
2026-05-18 20:02:55,229 [INFO] PDFExtractor:   Progress: 700/739 halaman
2026-05-18 20:02:55,282 [INFO] PDFExtractor:   Progress: 710/739 halaman
2026-05-18 20:02:55,334 [INFO] PDFExtractor:   Progress: 720/739 halaman
2026-05-18 20:02:55,383 [INFO] PDFExtractor:   Progress: 730/739 halaman
2026-05-18 20:02:55,500 [INFO] PDFExtractor: Tersimpan: 02_extracted_text\pp_5_2021_perizinan_berbasis_risiko_extracted.json
2026-05-18 20:02:55,501 [INFO] PDFExtractor: [pdfplumber] Memproses: pp_7_2021_kemudahan_umkm.pdf
2026-05-18 20:02:56,892 [INFO] PDFExtractor:   Progress: 10/121 halaman
2026-05-18 20:02:57,910 [INFO] PDFExtractor:   Progress: 20/121 halaman
2026-05-18 20:02:58,645 [INFO] PDFExtractor:   Progress: 30/121 halaman
2026-05-18 20:02:59,309 [INFO] PDFExtractor:   Progress: 40/121 halaman
2026-05-18 20:02:59,858 [INFO] PDFExtractor:   Progress: 50/121 halaman
2026-05-18 20:03:00,436 [INFO] PDFExtractor:   Progress: 60/121 halaman
2026-05-18 20:03:00,943 [INFO] PDFExtractor:   Progress: 70/121 halaman
2026-05-18 20:03:01,513 [INFO] PDFExtractor:   Progress: 80/121 halaman
2026-05-18 20:03:02,138 [INFO] PDFExtractor:   Progress: 90/121 halaman
2026-05-18 20:03:02,546 [INFO] PDFExtractor:   Progress: 100/121 halaman
2026-05-18 20:03:02,897 [INFO] PDFExtractor:   Progress: 110/121 halaman
2026-05-18 20:03:03,236 [INFO] PDFExtractor:   Progress: 120/121 halaman
2026-05-18 20:03:03,270 [INFO] PDFExtractor: Tersimpan: 02_extracted_text\pp_7_2021_kemudahan_umkm_extracted.json
2026-05-18 20:03:03,271 [INFO] PDFExtractor: [pdfplumber] Memproses: uu_13_2003_ketenagakerjaan.pdf
2026-05-18 20:03:03,928 [INFO] PDFExtractor:   Progress: 10/128 halaman
2026-05-18 20:03:04,686 [INFO] PDFExtractor:   Progress: 20/128 halaman
2026-05-18 20:03:05,392 [INFO] PDFExtractor:   Progress: 30/128 halaman
2026-05-18 20:03:05,983 [INFO] PDFExtractor:   Progress: 40/128 halaman
2026-05-18 20:03:06,591 [INFO] PDFExtractor:   Progress: 50/128 halaman
2026-05-18 20:03:07,212 [INFO] PDFExtractor:   Progress: 60/128 halaman
2026-05-18 20:03:07,881 [INFO] PDFExtractor:   Progress: 70/128 halaman
2026-05-18 20:03:08,449 [INFO] PDFExtractor:   Progress: 80/128 halaman
2026-05-18 20:03:08,870 [INFO] PDFExtractor:   Progress: 90/128 halaman
2026-05-18 20:03:09,262 [INFO] PDFExtractor:   Progress: 100/128 halaman
2026-05-18 20:03:09,554 [INFO] PDFExtractor:   Progress: 110/128 halaman
2026-05-18 20:03:09,916 [INFO] PDFExtractor:   Progress: 120/128 halaman
2026-05-18 20:03:10,158 [INFO] PDFExtractor: Tersimpan: 02_extracted_text\uu_13_2003_ketenagakerjaan_extracted.json
2026-05-18 20:03:10,159 [INFO] PDFExtractor: [pdfplumber] Memproses: uu_1_2024_ite.pdf
2026-05-18 20:03:10,874 [INFO] PDFExtractor:   Progress: 10/39 halaman
2026-05-18 20:03:11,644 [INFO] PDFExtractor:   Progress: 20/39 halaman
2026-05-18 20:03:12,221 [INFO] PDFExtractor:   Progress: 30/39 halaman
2026-05-18 20:03:12,586 [INFO] PDFExtractor: Tersimpan: 02_extracted_text\uu_1_2024_ite_extracted.json
2026-05-18 20:03:12,587 [INFO] PDFExtractor: [pdfplumber] Memproses: uu_20_2008_umkm.pdf
2026-05-18 20:03:13,254 [INFO] PDFExtractor:   Progress: 10/31 halaman
2026-05-18 20:03:13,853 [INFO] PDFExtractor:   Progress: 20/31 halaman
2026-05-18 20:03:14,295 [INFO] PDFExtractor:   Progress: 30/31 halaman
2026-05-18 20:03:14,308 [INFO] PDFExtractor: Tersimpan: 02_extracted_text\uu_20_2008_umkm_extracted.json
2026-05-18 20:03:14,309 [INFO] PDFExtractor: [pdfplumber] Memproses: uu_20_2016_merek_indikasi_geografis.pdf
2026-05-18 20:03:15,133 [INFO] PDFExtractor:   Progress: 10/74 halaman
2026-05-18 20:03:15,777 [INFO] PDFExtractor:   Progress: 20/74 halaman
2026-05-18 20:03:16,421 [INFO] PDFExtractor:   Progress: 30/74 halaman
2026-05-18 20:03:17,031 [INFO] PDFExtractor:   Progress: 40/74 halaman
2026-05-18 20:03:17,743 [INFO] PDFExtractor:   Progress: 50/74 halaman
2026-05-18 20:03:18,332 [INFO] PDFExtractor:   Progress: 60/74 halaman
2026-05-18 20:03:18,762 [INFO] PDFExtractor:   Progress: 70/74 halaman
2026-05-18 20:03:18,877 [INFO] PDFExtractor: Tersimpan: 02_extracted_text\uu_20_2016_merek_indikasi_geografis_extracted.json
2026-05-18 20:03:18,878 [INFO] PDFExtractor: [pdfplumber] Memproses: uu_27_2022_perlindungan_data_pribadi.pdf
2026-05-18 20:03:19,446 [INFO] PDFExtractor:   Progress: 10/50 halaman
2026-05-18 20:03:20,150 [INFO] PDFExtractor:   Progress: 20/50 halaman
2026-05-18 20:03:20,847 [INFO] PDFExtractor:   Progress: 30/50 halaman
2026-05-18 20:03:21,392 [INFO] PDFExtractor:   Progress: 40/50 halaman
2026-05-18 20:03:21,799 [INFO] PDFExtractor:   Progress: 50/50 halaman
2026-05-18 20:03:21,806 [INFO] PDFExtractor: Tersimpan: 02_extracted_text\uu_27_2022_perlindungan_data_pribadi_extracted.json
2026-05-18 20:03:21,807 [INFO] PDFExtractor: [pdfplumber] Memproses: uu_28_2014_hak_cipta.pdf
2026-05-18 20:03:22,568 [INFO] PDFExtractor:   Progress: 10/84 halaman
2026-05-18 20:03:23,205 [INFO] PDFExtractor:   Progress: 20/84 halaman
2026-05-18 20:03:23,855 [INFO] PDFExtractor:   Progress: 30/84 halaman
2026-05-18 20:03:24,490 [INFO] PDFExtractor:   Progress: 40/84 halaman
2026-05-18 20:03:25,183 [INFO] PDFExtractor:   Progress: 50/84 halaman
2026-05-18 20:03:25,841 [INFO] PDFExtractor:   Progress: 60/84 halaman
2026-05-18 20:03:26,315 [INFO] PDFExtractor:   Progress: 70/84 halaman
2026-05-18 20:03:26,821 [INFO] PDFExtractor:   Progress: 80/84 halaman
2026-05-18 20:03:26,923 [INFO] PDFExtractor: Tersimpan: 02_extracted_text\uu_28_2014_hak_cipta_extracted.json
2026-05-18 20:03:26,924 [INFO] PDFExtractor: [pdfplumber] Memproses: uu_33_2014_jaminan_produk_halal.pdf
2026-05-18 20:03:27,557 [INFO] PDFExtractor:   Progress: 10/40 halaman
2026-05-18 20:03:28,137 [INFO] PDFExtractor:   Progress: 20/40 halaman
2026-05-18 20:03:28,685 [INFO] PDFExtractor:   Progress: 30/40 halaman
2026-05-18 20:03:28,975 [INFO] PDFExtractor:   Progress: 40/40 halaman
2026-05-18 20:03:28,981 [INFO] PDFExtractor: Tersimpan: 02_extracted_text\uu_33_2014_jaminan_produk_halal_extracted.json
2026-05-18 20:03:28,982 [INFO] PDFExtractor: [pdfplumber] Memproses: uu_36_2008_pajak_penghasilan.pdf
2026-05-18 20:03:29,756 [INFO] PDFExtractor:   Progress: 10/40 halaman
2026-05-18 20:03:30,446 [INFO] PDFExtractor:   Progress: 20/40 halaman
2026-05-18 20:03:31,109 [INFO] PDFExtractor:   Progress: 30/40 halaman
2026-05-18 20:03:31,734 [INFO] PDFExtractor:   Progress: 40/40 halaman
2026-05-18 20:03:31,742 [INFO] PDFExtractor: Tersimpan: 02_extracted_text\uu_36_2008_pajak_penghasilan_extracted.json
2026-05-18 20:03:31,743 [INFO] PDFExtractor: [pdfplumber] Memproses: uu_6_2023_cipta_kerja.pdf
2026-05-18 20:03:33,743 [INFO] PDFExtractor:   Progress: 10/1127 halaman
2026-05-18 20:03:34,356 [INFO] PDFExtractor:   Progress: 20/1127 halaman
2026-05-18 20:03:34,954 [INFO] PDFExtractor:   Progress: 30/1127 halaman
2026-05-18 20:03:35,578 [INFO] PDFExtractor:   Progress: 40/1127 halaman
2026-05-18 20:03:36,175 [INFO] PDFExtractor:   Progress: 50/1127 halaman
2026-05-18 20:03:36,830 [INFO] PDFExtractor:   Progress: 60/1127 halaman
2026-05-18 20:03:37,387 [INFO] PDFExtractor:   Progress: 70/1127 halaman
2026-05-18 20:03:38,000 [INFO] PDFExtractor:   Progress: 80/1127 halaman
2026-05-18 20:03:38,647 [INFO] PDFExtractor:   Progress: 90/1127 halaman
2026-05-18 20:03:39,230 [INFO] PDFExtractor:   Progress: 100/1127 halaman
2026-05-18 20:03:39,911 [INFO] PDFExtractor:   Progress: 110/1127 halaman
2026-05-18 20:03:40,512 [INFO] PDFExtractor:   Progress: 120/1127 halaman
2026-05-18 20:03:41,159 [INFO] PDFExtractor:   Progress: 130/1127 halaman
2026-05-18 20:03:41,829 [INFO] PDFExtractor:   Progress: 140/1127 halaman
2026-05-18 20:03:42,514 [INFO] PDFExtractor:   Progress: 150/1127 halaman
2026-05-18 20:03:43,197 [INFO] PDFExtractor:   Progress: 160/1127 halaman
2026-05-18 20:03:43,707 [INFO] PDFExtractor:   Progress: 170/1127 halaman
2026-05-18 20:03:44,363 [INFO] PDFExtractor:   Progress: 180/1127 halaman
2026-05-18 20:03:45,114 [INFO] PDFExtractor:   Progress: 190/1127 halaman
2026-05-18 20:03:45,866 [INFO] PDFExtractor:   Progress: 200/1127 halaman
2026-05-18 20:03:46,630 [INFO] PDFExtractor:   Progress: 210/1127 halaman
2026-05-18 20:03:47,396 [INFO] PDFExtractor:   Progress: 220/1127 halaman
2026-05-18 20:03:48,233 [INFO] PDFExtractor:   Progress: 230/1127 halaman
2026-05-18 20:03:49,047 [INFO] PDFExtractor:   Progress: 240/1127 halaman
2026-05-18 20:03:49,830 [INFO] PDFExtractor:   Progress: 250/1127 halaman
2026-05-18 20:03:50,344 [INFO] PDFExtractor:   Progress: 260/1127 halaman
2026-05-18 20:03:51,135 [INFO] PDFExtractor:   Progress: 270/1127 halaman
2026-05-18 20:03:52,010 [INFO] PDFExtractor:   Progress: 280/1127 halaman
2026-05-18 20:03:52,783 [INFO] PDFExtractor:   Progress: 290/1127 halaman
2026-05-18 20:03:53,566 [INFO] PDFExtractor:   Progress: 300/1127 halaman
2026-05-18 20:03:54,052 [INFO] PDFExtractor:   Progress: 310/1127 halaman
2026-05-18 20:03:54,928 [INFO] PDFExtractor:   Progress: 320/1127 halaman
2026-05-18 20:03:55,841 [INFO] PDFExtractor:   Progress: 330/1127 halaman
2026-05-18 20:03:56,677 [INFO] PDFExtractor:   Progress: 340/1127 halaman
2026-05-18 20:03:57,542 [INFO] PDFExtractor:   Progress: 350/1127 halaman
2026-05-18 20:03:58,071 [INFO] PDFExtractor:   Progress: 360/1127 halaman
2026-05-18 20:03:59,088 [INFO] PDFExtractor:   Progress: 370/1127 halaman
2026-05-18 20:04:00,194 [INFO] PDFExtractor:   Progress: 380/1127 halaman
2026-05-18 20:04:01,104 [INFO] PDFExtractor:   Progress: 390/1127 halaman
2026-05-18 20:04:02,007 [INFO] PDFExtractor:   Progress: 400/1127 halaman
2026-05-18 20:04:02,571 [INFO] PDFExtractor:   Progress: 410/1127 halaman
2026-05-18 20:04:03,440 [INFO] PDFExtractor:   Progress: 420/1127 halaman
2026-05-18 20:04:04,382 [INFO] PDFExtractor:   Progress: 430/1127 halaman
2026-05-18 20:04:05,302 [INFO] PDFExtractor:   Progress: 440/1127 halaman
2026-05-18 20:04:05,817 [INFO] PDFExtractor:   Progress: 450/1127 halaman
2026-05-18 20:04:06,681 [INFO] PDFExtractor:   Progress: 460/1127 halaman
2026-05-18 20:04:07,703 [INFO] PDFExtractor:   Progress: 470/1127 halaman
2026-05-18 20:04:08,763 [INFO] PDFExtractor:   Progress: 480/1127 halaman
2026-05-18 20:04:09,980 [INFO] PDFExtractor:   Progress: 490/1127 halaman
2026-05-18 20:04:10,584 [INFO] PDFExtractor:   Progress: 500/1127 halaman
2026-05-18 20:04:11,637 [INFO] PDFExtractor:   Progress: 510/1127 halaman
2026-05-18 20:04:12,678 [INFO] PDFExtractor:   Progress: 520/1127 halaman
2026-05-18 20:04:13,767 [INFO] PDFExtractor:   Progress: 530/1127 halaman
2026-05-18 20:04:14,288 [INFO] PDFExtractor:   Progress: 540/1127 halaman
2026-05-18 20:04:15,281 [INFO] PDFExtractor:   Progress: 550/1127 halaman
2026-05-18 20:04:16,354 [INFO] PDFExtractor:   Progress: 560/1127 halaman
2026-05-18 20:04:17,378 [INFO] PDFExtractor:   Progress: 570/1127 halaman
2026-05-18 20:04:17,940 [INFO] PDFExtractor:   Progress: 580/1127 halaman
2026-05-18 20:04:19,050 [INFO] PDFExtractor:   Progress: 590/1127 halaman
2026-05-18 20:04:20,221 [INFO] PDFExtractor:   Progress: 600/1127 halaman
2026-05-18 20:04:21,387 [INFO] PDFExtractor:   Progress: 610/1127 halaman
2026-05-18 20:04:22,539 [INFO] PDFExtractor:   Progress: 620/1127 halaman
2026-05-18 20:04:23,073 [INFO] PDFExtractor:   Progress: 630/1127 halaman
2026-05-18 20:04:24,256 [INFO] PDFExtractor:   Progress: 640/1127 halaman
2026-05-18 20:04:25,535 [INFO] PDFExtractor:   Progress: 650/1127 halaman
2026-05-18 20:04:26,769 [INFO] PDFExtractor:   Progress: 660/1127 halaman
2026-05-18 20:04:27,986 [INFO] PDFExtractor:   Progress: 670/1127 halaman
2026-05-18 20:04:28,538 [INFO] PDFExtractor:   Progress: 680/1127 halaman
2026-05-18 20:04:29,718 [INFO] PDFExtractor:   Progress: 690/1127 halaman
2026-05-18 20:04:30,953 [INFO] PDFExtractor:   Progress: 700/1127 halaman
2026-05-18 20:04:32,157 [INFO] PDFExtractor:   Progress: 710/1127 halaman
2026-05-18 20:04:32,775 [INFO] PDFExtractor:   Progress: 720/1127 halaman
2026-05-18 20:04:33,963 [INFO] PDFExtractor:   Progress: 730/1127 halaman
2026-05-18 20:04:35,133 [INFO] PDFExtractor:   Progress: 740/1127 halaman
2026-05-18 20:04:36,493 [INFO] PDFExtractor:   Progress: 750/1127 halaman
2026-05-18 20:04:37,719 [INFO] PDFExtractor:   Progress: 760/1127 halaman
2026-05-18 20:04:39,079 [INFO] PDFExtractor:   Progress: 770/1127 halaman
2026-05-18 20:04:39,437 [INFO] PDFExtractor:   Progress: 780/1127 halaman
2026-05-18 20:04:39,763 [INFO] PDFExtractor:   Progress: 790/1127 halaman
2026-05-18 20:04:40,707 [INFO] PDFExtractor:   Progress: 800/1127 halaman
2026-05-18 20:04:40,989 [INFO] PDFExtractor:   Progress: 810/1127 halaman
2026-05-18 20:04:42,042 [INFO] PDFExtractor:   Progress: 820/1127 halaman
2026-05-18 20:04:42,251 [INFO] PDFExtractor:   Progress: 830/1127 halaman
2026-05-18 20:04:42,516 [INFO] PDFExtractor:   Progress: 840/1127 halaman
2026-05-18 20:04:43,654 [INFO] PDFExtractor:   Progress: 850/1127 halaman
2026-05-18 20:04:44,047 [INFO] PDFExtractor:   Progress: 860/1127 halaman
2026-05-18 20:04:45,178 [INFO] PDFExtractor:   Progress: 870/1127 halaman
2026-05-18 20:04:45,388 [INFO] PDFExtractor:   Progress: 880/1127 halaman
2026-05-18 20:04:45,678 [INFO] PDFExtractor:   Progress: 890/1127 halaman
2026-05-18 20:04:46,684 [INFO] PDFExtractor:   Progress: 900/1127 halaman
2026-05-18 20:04:46,962 [INFO] PDFExtractor:   Progress: 910/1127 halaman
2026-05-18 20:04:47,330 [INFO] PDFExtractor:   Progress: 920/1127 halaman
2026-05-18 20:04:48,256 [INFO] PDFExtractor:   Progress: 930/1127 halaman
2026-05-18 20:04:48,499 [INFO] PDFExtractor:   Progress: 940/1127 halaman
2026-05-18 20:04:49,641 [INFO] PDFExtractor:   Progress: 950/1127 halaman
2026-05-18 20:04:49,834 [INFO] PDFExtractor:   Progress: 960/1127 halaman
2026-05-18 20:04:50,091 [INFO] PDFExtractor:   Progress: 970/1127 halaman
2026-05-18 20:04:51,193 [INFO] PDFExtractor:   Progress: 980/1127 halaman
2026-05-18 20:04:51,498 [INFO] PDFExtractor:   Progress: 990/1127 halaman
2026-05-18 20:04:51,758 [INFO] PDFExtractor:   Progress: 1000/1127 halaman
2026-05-18 20:04:52,914 [INFO] PDFExtractor:   Progress: 1010/1127 halaman
2026-05-18 20:04:53,258 [INFO] PDFExtractor:   Progress: 1020/1127 halaman
2026-05-18 20:04:54,393 [INFO] PDFExtractor:   Progress: 1030/1127 halaman
2026-05-18 20:04:54,632 [INFO] PDFExtractor:   Progress: 1040/1127 halaman
2026-05-18 20:04:55,085 [INFO] PDFExtractor:   Progress: 1050/1127 halaman
2026-05-18 20:04:56,265 [INFO] PDFExtractor:   Progress: 1060/1127 halaman
2026-05-18 20:04:57,702 [INFO] PDFExtractor:   Progress: 1070/1127 halaman
2026-05-18 20:04:59,129 [INFO] PDFExtractor:   Progress: 1080/1127 halaman
2026-05-18 20:04:59,467 [INFO] PDFExtractor:   Progress: 1090/1127 halaman
2026-05-18 20:05:00,728 [INFO] PDFExtractor:   Progress: 1100/1127 halaman
2026-05-18 20:05:00,995 [INFO] PDFExtractor:   Progress: 1110/1127 halaman
2026-05-18 20:05:02,336 [INFO] PDFExtractor:   Progress: 1120/1127 halaman
2026-05-18 20:05:02,589 [INFO] PDFExtractor: Tersimpan: 02_extracted_text\uu_6_2023_cipta_kerja_extracted.json
2026-05-18 20:05:02,590 [INFO] PDFExtractor: [pdfplumber] Memproses: uu_7_2021_harmonisasi_perpajakan.pdf
2026-05-18 20:05:04,796 [INFO] PDFExtractor:   Progress: 10/224 halaman
2026-05-18 20:05:06,955 [INFO] PDFExtractor:   Progress: 20/224 halaman
2026-05-18 20:05:08,191 [INFO] PDFExtractor:   Progress: 30/224 halaman
2026-05-18 20:05:09,071 [INFO] PDFExtractor:   Progress: 40/224 halaman
2026-05-18 20:05:09,880 [INFO] PDFExtractor:   Progress: 50/224 halaman
2026-05-18 20:05:10,634 [INFO] PDFExtractor:   Progress: 60/224 halaman
2026-05-18 20:05:11,317 [INFO] PDFExtractor:   Progress: 70/224 halaman
2026-05-18 20:05:12,063 [INFO] PDFExtractor:   Progress: 80/224 halaman
2026-05-18 20:05:12,768 [INFO] PDFExtractor:   Progress: 90/224 halaman
2026-05-18 20:05:13,537 [INFO] PDFExtractor:   Progress: 100/224 halaman
2026-05-18 20:05:14,352 [INFO] PDFExtractor:   Progress: 110/224 halaman
2026-05-18 20:05:15,082 [INFO] PDFExtractor:   Progress: 120/224 halaman
2026-05-18 20:05:15,827 [INFO] PDFExtractor:   Progress: 130/224 halaman
2026-05-18 20:05:16,483 [INFO] PDFExtractor:   Progress: 140/224 halaman
2026-05-18 20:05:17,204 [INFO] PDFExtractor:   Progress: 150/224 halaman
2026-05-18 20:05:17,974 [INFO] PDFExtractor:   Progress: 160/224 halaman
2026-05-18 20:05:18,771 [INFO] PDFExtractor:   Progress: 170/224 halaman
2026-05-18 20:05:19,550 [INFO] PDFExtractor:   Progress: 180/224 halaman
2026-05-18 20:05:20,237 [INFO] PDFExtractor:   Progress: 190/224 halaman
2026-05-18 20:05:20,742 [INFO] PDFExtractor:   Progress: 200/224 halaman
2026-05-18 20:05:21,420 [INFO] PDFExtractor:   Progress: 210/224 halaman
2026-05-18 20:05:22,239 [INFO] PDFExtractor:   Progress: 220/224 halaman
2026-05-18 20:05:22,472 [INFO] PDFExtractor: Tersimpan: 02_extracted_text\uu_7_2021_harmonisasi_perpajakan_extracted.json
2026-05-18 20:05:22,473 [INFO] PDFExtractor: [pdfplumber] Memproses: uu_8_1999_perlindungan_konsumen.pdf
2026-05-18 20:05:23,359 [INFO] PDFExtractor:   Progress: 10/54 halaman
2026-05-18 20:05:24,069 [INFO] PDFExtractor:   Progress: 20/54 halaman
2026-05-18 20:05:24,627 [INFO] PDFExtractor:   Progress: 30/54 halaman
2026-05-18 20:05:25,121 [INFO] PDFExtractor:   Progress: 40/54 halaman
2026-05-18 20:05:25,438 [INFO] PDFExtractor:   Progress: 50/54 halaman
2026-05-18 20:05:25,533 [INFO] PDFExtractor: Tersimpan: 02_extracted_text\uu_8_1999_perlindungan_konsumen_extracted.json
2026-05-18 20:05:25,534 [INFO] PDFExtractor: [pdfplumber] Memproses: permendag_31_2023_perdagangan_elektronik.pdf
2026-05-18 20:05:26,786 [INFO] PDFExtractor:   Progress: 10/29 halaman
2026-05-18 20:05:27,854 [INFO] PDFExtractor:   Progress: 20/29 halaman
2026-05-18 20:05:28,817 [INFO] PDFExtractor: Tersimpan: 02_extracted_text\permendag_31_2023_perdagangan_elektronik_extracted.json
2026-05-18 20:05:28,818 [INFO] PDFExtractor: [pdfplumber] Memproses: pp_23_2018_pajak_umkm.pdf
2026-05-18 20:05:29,405 [INFO] PDFExtractor:   Progress: 10/21 halaman
2026-05-18 20:05:30,089 [INFO] PDFExtractor:   Progress: 20/21 halaman
2026-05-18 20:05:30,179 [INFO] PDFExtractor: Tersimpan: 02_extracted_text\pp_23_2018_pajak_umkm_extracted.json
2026-05-18 20:05:30,180 [INFO] PDFExtractor: [pdfplumber] Memproses: pp_55_2022_pajak_penghasilan.pdf
2026-05-18 20:05:30,880 [INFO] PDFExtractor:   Progress: 10/118 halaman
2026-05-18 20:05:31,562 [INFO] PDFExtractor:   Progress: 20/118 halaman
2026-05-18 20:05:32,157 [INFO] PDFExtractor:   Progress: 30/118 halaman
2026-05-18 20:05:32,798 [INFO] PDFExtractor:   Progress: 40/118 halaman
2026-05-18 20:05:33,485 [INFO] PDFExtractor:   Progress: 50/118 halaman
2026-05-18 20:05:34,164 [INFO] PDFExtractor:   Progress: 60/118 halaman
2026-05-18 20:05:34,825 [INFO] PDFExtractor:   Progress: 70/118 halaman
2026-05-18 20:05:35,382 [INFO] PDFExtractor:   Progress: 80/118 halaman
2026-05-18 20:05:35,990 [INFO] PDFExtractor:   Progress: 90/118 halaman
2026-05-18 20:05:36,623 [INFO] PDFExtractor:   Progress: 100/118 halaman
2026-05-18 20:05:37,574 [INFO] PDFExtractor:   Progress: 110/118 halaman
2026-05-18 20:05:38,061 [INFO] PDFExtractor: Tersimpan: 02_extracted_text\pp_55_2022_pajak_penghasilan_extracted.json
2026-05-18 20:05:38,061 [INFO] PDFExtractor: [pdfplumber] Memproses: pp_5_2021_perizinan_berbasis_risiko.pdf
2026-05-18 20:05:39,545 [INFO] PDFExtractor:   Progress: 10/739 halaman
2026-05-18 20:05:40,208 [INFO] PDFExtractor:   Progress: 20/739 halaman
2026-05-18 20:05:40,766 [INFO] PDFExtractor:   Progress: 30/739 halaman
2026-05-18 20:05:41,294 [INFO] PDFExtractor:   Progress: 40/739 halaman
2026-05-18 20:05:41,811 [INFO] PDFExtractor:   Progress: 50/739 halaman
2026-05-18 20:05:42,359 [INFO] PDFExtractor:   Progress: 60/739 halaman
2026-05-18 20:05:42,999 [INFO] PDFExtractor:   Progress: 70/739 halaman
2026-05-18 20:05:43,568 [INFO] PDFExtractor:   Progress: 80/739 halaman
2026-05-18 20:05:44,107 [INFO] PDFExtractor:   Progress: 90/739 halaman
2026-05-18 20:05:44,668 [INFO] PDFExtractor:   Progress: 100/739 halaman
2026-05-18 20:05:45,239 [INFO] PDFExtractor:   Progress: 110/739 halaman
2026-05-18 20:05:45,834 [INFO] PDFExtractor:   Progress: 120/739 halaman
2026-05-18 20:05:46,460 [INFO] PDFExtractor:   Progress: 130/739 halaman
2026-05-18 20:05:47,086 [INFO] PDFExtractor:   Progress: 140/739 halaman
2026-05-18 20:05:47,719 [INFO] PDFExtractor:   Progress: 150/739 halaman
2026-05-18 20:05:48,348 [INFO] PDFExtractor:   Progress: 160/739 halaman
2026-05-18 20:05:48,828 [INFO] PDFExtractor:   Progress: 170/739 halaman
2026-05-18 20:05:49,434 [INFO] PDFExtractor:   Progress: 180/739 halaman
2026-05-18 20:05:50,102 [INFO] PDFExtractor:   Progress: 190/739 halaman
2026-05-18 20:05:50,797 [INFO] PDFExtractor:   Progress: 200/739 halaman
2026-05-18 20:05:51,497 [INFO] PDFExtractor:   Progress: 210/739 halaman
2026-05-18 20:05:52,198 [INFO] PDFExtractor:   Progress: 220/739 halaman
2026-05-18 20:05:52,896 [INFO] PDFExtractor:   Progress: 230/739 halaman
2026-05-18 20:05:53,658 [INFO] PDFExtractor:   Progress: 240/739 halaman
2026-05-18 20:05:54,421 [INFO] PDFExtractor:   Progress: 250/739 halaman
2026-05-18 20:05:55,184 [INFO] PDFExtractor:   Progress: 260/739 halaman
2026-05-18 20:05:55,974 [INFO] PDFExtractor:   Progress: 270/739 halaman
2026-05-18 20:05:56,749 [INFO] PDFExtractor:   Progress: 280/739 halaman
2026-05-18 20:05:57,553 [INFO] PDFExtractor:   Progress: 290/739 halaman
2026-05-18 20:05:58,379 [INFO] PDFExtractor:   Progress: 300/739 halaman
2026-05-18 20:05:59,209 [INFO] PDFExtractor:   Progress: 310/739 halaman
2026-05-18 20:05:59,807 [INFO] PDFExtractor:   Progress: 320/739 halaman
2026-05-18 20:06:00,648 [INFO] PDFExtractor:   Progress: 330/739 halaman
2026-05-18 20:06:01,506 [INFO] PDFExtractor:   Progress: 340/739 halaman
2026-05-18 20:06:02,272 [INFO] PDFExtractor:   Progress: 350/739 halaman
2026-05-18 20:06:02,321 [INFO] PDFExtractor:   Progress: 360/739 halaman
2026-05-18 20:06:02,367 [INFO] PDFExtractor:   Progress: 370/739 halaman
2026-05-18 20:06:02,412 [INFO] PDFExtractor:   Progress: 380/739 halaman
2026-05-18 20:06:02,458 [INFO] PDFExtractor:   Progress: 390/739 halaman
2026-05-18 20:06:02,503 [INFO] PDFExtractor:   Progress: 400/739 halaman
2026-05-18 20:06:02,553 [INFO] PDFExtractor:   Progress: 410/739 halaman
2026-05-18 20:06:02,608 [INFO] PDFExtractor:   Progress: 420/739 halaman
2026-05-18 20:06:02,656 [INFO] PDFExtractor:   Progress: 430/739 halaman
2026-05-18 20:06:02,704 [INFO] PDFExtractor:   Progress: 440/739 halaman
2026-05-18 20:06:02,750 [INFO] PDFExtractor:   Progress: 450/739 halaman
2026-05-18 20:06:02,795 [INFO] PDFExtractor:   Progress: 460/739 halaman
2026-05-18 20:06:02,858 [INFO] PDFExtractor:   Progress: 470/739 halaman
2026-05-18 20:06:02,923 [INFO] PDFExtractor:   Progress: 480/739 halaman
2026-05-18 20:06:02,978 [INFO] PDFExtractor:   Progress: 490/739 halaman
2026-05-18 20:06:03,042 [INFO] PDFExtractor:   Progress: 500/739 halaman
2026-05-18 20:06:03,113 [INFO] PDFExtractor:   Progress: 510/739 halaman
2026-05-18 20:06:03,178 [INFO] PDFExtractor:   Progress: 520/739 halaman
2026-05-18 20:06:03,521 [INFO] PDFExtractor:   Progress: 530/739 halaman
2026-05-18 20:06:03,564 [INFO] PDFExtractor:   Progress: 540/739 halaman
2026-05-18 20:06:03,609 [INFO] PDFExtractor:   Progress: 550/739 halaman
2026-05-18 20:06:03,658 [INFO] PDFExtractor:   Progress: 560/739 halaman
2026-05-18 20:06:03,704 [INFO] PDFExtractor:   Progress: 570/739 halaman
2026-05-18 20:06:03,752 [INFO] PDFExtractor:   Progress: 580/739 halaman
2026-05-18 20:06:03,802 [INFO] PDFExtractor:   Progress: 590/739 halaman
2026-05-18 20:06:03,847 [INFO] PDFExtractor:   Progress: 600/739 halaman
2026-05-18 20:06:03,892 [INFO] PDFExtractor:   Progress: 610/739 halaman
2026-05-18 20:06:03,937 [INFO] PDFExtractor:   Progress: 620/739 halaman
2026-05-18 20:06:03,987 [INFO] PDFExtractor:   Progress: 630/739 halaman
2026-05-18 20:06:04,033 [INFO] PDFExtractor:   Progress: 640/739 halaman
2026-05-18 20:06:04,077 [INFO] PDFExtractor:   Progress: 650/739 halaman
2026-05-18 20:06:04,122 [INFO] PDFExtractor:   Progress: 660/739 halaman
2026-05-18 20:06:04,172 [INFO] PDFExtractor:   Progress: 670/739 halaman
2026-05-18 20:06:04,217 [INFO] PDFExtractor:   Progress: 680/739 halaman
2026-05-18 20:06:04,264 [INFO] PDFExtractor:   Progress: 690/739 halaman
2026-05-18 20:06:04,311 [INFO] PDFExtractor:   Progress: 700/739 halaman
2026-05-18 20:06:04,356 [INFO] PDFExtractor:   Progress: 710/739 halaman
2026-05-18 20:06:04,401 [INFO] PDFExtractor:   Progress: 720/739 halaman
2026-05-18 20:06:04,445 [INFO] PDFExtractor:   Progress: 730/739 halaman
2026-05-18 20:06:04,536 [INFO] PDFExtractor: Tersimpan: 02_extracted_text\pp_5_2021_perizinan_berbasis_risiko_extracted.json
2026-05-18 20:06:04,537 [INFO] PDFExtractor: [pdfplumber] Memproses: pp_7_2021_kemudahan_umkm.pdf
2026-05-18 20:06:05,690 [INFO] PDFExtractor:   Progress: 10/121 halaman
2026-05-18 20:06:06,786 [INFO] PDFExtractor:   Progress: 20/121 halaman
2026-05-18 20:06:07,586 [INFO] PDFExtractor:   Progress: 30/121 halaman
2026-05-18 20:06:08,276 [INFO] PDFExtractor:   Progress: 40/121 halaman
2026-05-18 20:06:08,840 [INFO] PDFExtractor:   Progress: 50/121 halaman
2026-05-18 20:06:09,463 [INFO] PDFExtractor:   Progress: 60/121 halaman
2026-05-18 20:06:10,045 [INFO] PDFExtractor:   Progress: 70/121 halaman
2026-05-18 20:06:10,648 [INFO] PDFExtractor:   Progress: 80/121 halaman
2026-05-18 20:06:11,285 [INFO] PDFExtractor:   Progress: 90/121 halaman
2026-05-18 20:06:11,683 [INFO] PDFExtractor:   Progress: 100/121 halaman
2026-05-18 20:06:12,230 [INFO] PDFExtractor:   Progress: 110/121 halaman
2026-05-18 20:06:12,550 [INFO] PDFExtractor:   Progress: 120/121 halaman
2026-05-18 20:06:12,595 [INFO] PDFExtractor: Tersimpan: 02_extracted_text\pp_7_2021_kemudahan_umkm_extracted.json
2026-05-18 20:06:12,596 [INFO] PDFExtractor: [pdfplumber] Memproses: uu_13_2003_ketenagakerjaan.pdf
2026-05-18 20:06:13,877 [INFO] PDFExtractor:   Progress: 10/128 halaman
2026-05-18 20:06:14,821 [INFO] PDFExtractor:   Progress: 20/128 halaman
2026-05-18 20:06:15,700 [INFO] PDFExtractor:   Progress: 30/128 halaman
2026-05-18 20:06:16,467 [INFO] PDFExtractor:   Progress: 40/128 halaman
2026-05-18 20:06:17,203 [INFO] PDFExtractor:   Progress: 50/128 halaman
2026-05-18 20:06:18,111 [INFO] PDFExtractor:   Progress: 60/128 halaman
2026-05-18 20:06:19,097 [INFO] PDFExtractor:   Progress: 70/128 halaman
2026-05-18 20:06:19,843 [INFO] PDFExtractor:   Progress: 80/128 halaman
2026-05-18 20:06:20,559 [INFO] PDFExtractor:   Progress: 90/128 halaman
2026-05-18 20:06:21,047 [INFO] PDFExtractor:   Progress: 100/128 halaman
2026-05-18 20:06:21,432 [INFO] PDFExtractor:   Progress: 110/128 halaman
2026-05-18 20:06:21,786 [INFO] PDFExtractor:   Progress: 120/128 halaman
2026-05-18 20:06:22,207 [INFO] PDFExtractor: Tersimpan: 02_extracted_text\uu_13_2003_ketenagakerjaan_extracted.json
2026-05-18 20:06:22,208 [INFO] PDFExtractor: [pdfplumber] Memproses: uu_1_2024_ite.pdf
2026-05-18 20:06:23,004 [INFO] PDFExtractor:   Progress: 10/39 halaman
2026-05-18 20:06:24,294 [INFO] PDFExtractor:   Progress: 20/39 halaman
2026-05-18 20:06:25,066 [INFO] PDFExtractor:   Progress: 30/39 halaman
2026-05-18 20:06:25,604 [INFO] PDFExtractor: Tersimpan: 02_extracted_text\uu_1_2024_ite_extracted.json
2026-05-18 20:06:25,605 [INFO] PDFExtractor: [pdfplumber] Memproses: uu_20_2008_umkm.pdf
2026-05-18 20:06:26,586 [INFO] PDFExtractor:   Progress: 10/31 halaman
2026-05-18 20:06:27,392 [INFO] PDFExtractor:   Progress: 20/31 halaman
2026-05-18 20:06:28,033 [INFO] PDFExtractor:   Progress: 30/31 halaman
2026-05-18 20:06:28,041 [INFO] PDFExtractor: Tersimpan: 02_extracted_text\uu_20_2008_umkm_extracted.json
2026-05-18 20:06:28,042 [INFO] PDFExtractor: [pdfplumber] Memproses: uu_20_2016_merek_indikasi_geografis.pdf
2026-05-18 20:06:29,093 [INFO] PDFExtractor:   Progress: 10/74 halaman
2026-05-18 20:06:29,948 [INFO] PDFExtractor:   Progress: 20/74 halaman
2026-05-18 20:06:30,723 [INFO] PDFExtractor:   Progress: 30/74 halaman
2026-05-18 20:06:31,530 [INFO] PDFExtractor:   Progress: 40/74 halaman
2026-05-18 20:06:32,415 [INFO] PDFExtractor:   Progress: 50/74 halaman
2026-05-18 20:06:33,267 [INFO] PDFExtractor:   Progress: 60/74 halaman
2026-05-18 20:06:33,901 [INFO] PDFExtractor:   Progress: 70/74 halaman
2026-05-18 20:06:34,033 [INFO] PDFExtractor: Tersimpan: 02_extracted_text\uu_20_2016_merek_indikasi_geografis_extracted.json
2026-05-18 20:06:34,033 [INFO] PDFExtractor: [pdfplumber] Memproses: uu_27_2022_perlindungan_data_pribadi.pdf
2026-05-18 20:06:34,854 [INFO] PDFExtractor:   Progress: 10/50 halaman
2026-05-18 20:06:35,722 [INFO] PDFExtractor:   Progress: 20/50 halaman
2026-05-18 20:06:36,471 [INFO] PDFExtractor:   Progress: 30/50 halaman
2026-05-18 20:06:37,157 [INFO] PDFExtractor:   Progress: 40/50 halaman
2026-05-18 20:06:37,638 [INFO] PDFExtractor:   Progress: 50/50 halaman
2026-05-18 20:06:37,645 [INFO] PDFExtractor: Tersimpan: 02_extracted_text\uu_27_2022_perlindungan_data_pribadi_extracted.json
2026-05-18 20:06:37,646 [INFO] PDFExtractor: [pdfplumber] Memproses: uu_28_2014_hak_cipta.pdf
2026-05-18 20:06:38,637 [INFO] PDFExtractor:   Progress: 10/84 halaman
2026-05-18 20:06:39,896 [INFO] PDFExtractor:   Progress: 20/84 halaman
2026-05-18 20:06:40,859 [INFO] PDFExtractor:   Progress: 30/84 halaman
2026-05-18 20:06:41,832 [INFO] PDFExtractor:   Progress: 40/84 halaman
2026-05-18 20:06:42,744 [INFO] PDFExtractor:   Progress: 50/84 halaman
2026-05-18 20:06:43,700 [INFO] PDFExtractor:   Progress: 60/84 halaman
2026-05-18 20:06:44,393 [INFO] PDFExtractor:   Progress: 70/84 halaman
2026-05-18 20:06:44,915 [INFO] PDFExtractor:   Progress: 80/84 halaman
2026-05-18 20:06:45,175 [INFO] PDFExtractor: Tersimpan: 02_extracted_text\uu_28_2014_hak_cipta_extracted.json
2026-05-18 20:06:45,176 [INFO] PDFExtractor: [pdfplumber] Memproses: uu_33_2014_jaminan_produk_halal.pdf
2026-05-18 20:06:45,976 [INFO] PDFExtractor:   Progress: 10/40 halaman
2026-05-18 20:06:46,867 [INFO] PDFExtractor:   Progress: 20/40 halaman
2026-05-18 20:06:47,665 [INFO] PDFExtractor:   Progress: 30/40 halaman
2026-05-18 20:06:48,164 [INFO] PDFExtractor:   Progress: 40/40 halaman
2026-05-18 20:06:48,171 [INFO] PDFExtractor: Tersimpan: 02_extracted_text\uu_33_2014_jaminan_produk_halal_extracted.json
2026-05-18 20:06:48,172 [INFO] PDFExtractor: [pdfplumber] Memproses: uu_36_2008_pajak_penghasilan.pdf
2026-05-18 20:06:49,042 [INFO] PDFExtractor:   Progress: 10/40 halaman
2026-05-18 20:06:49,892 [INFO] PDFExtractor:   Progress: 20/40 halaman
2026-05-18 20:06:50,742 [INFO] PDFExtractor:   Progress: 30/40 halaman
2026-05-18 20:06:51,446 [INFO] PDFExtractor:   Progress: 40/40 halaman
2026-05-18 20:06:51,453 [INFO] PDFExtractor: Tersimpan: 02_extracted_text\uu_36_2008_pajak_penghasilan_extracted.json
2026-05-18 20:06:51,454 [INFO] PDFExtractor: [pdfplumber] Memproses: uu_6_2023_cipta_kerja.pdf
2026-05-18 20:06:54,218 [INFO] PDFExtractor:   Progress: 10/1127 halaman
2026-05-18 20:06:55,073 [INFO] PDFExtractor:   Progress: 20/1127 halaman
2026-05-18 20:06:55,867 [INFO] PDFExtractor:   Progress: 30/1127 halaman
2026-05-18 20:06:56,646 [INFO] PDFExtractor:   Progress: 40/1127 halaman
2026-05-18 20:06:57,453 [INFO] PDFExtractor:   Progress: 50/1127 halaman
2026-05-18 20:06:58,355 [INFO] PDFExtractor:   Progress: 60/1127 halaman
2026-05-18 20:06:59,065 [INFO] PDFExtractor:   Progress: 70/1127 halaman
2026-05-18 20:06:59,908 [INFO] PDFExtractor:   Progress: 80/1127 halaman
2026-05-18 20:07:00,833 [INFO] PDFExtractor:   Progress: 90/1127 halaman
2026-05-18 20:07:01,651 [INFO] PDFExtractor:   Progress: 100/1127 halaman
2026-05-18 20:07:02,536 [INFO] PDFExtractor:   Progress: 110/1127 halaman
2026-05-18 20:07:03,258 [INFO] PDFExtractor:   Progress: 120/1127 halaman
2026-05-18 20:07:04,048 [INFO] PDFExtractor:   Progress: 130/1127 halaman
2026-05-18 20:07:04,943 [INFO] PDFExtractor:   Progress: 140/1127 halaman
2026-05-18 20:07:05,841 [INFO] PDFExtractor:   Progress: 150/1127 halaman
2026-05-18 20:07:06,849 [INFO] PDFExtractor:   Progress: 160/1127 halaman
2026-05-18 20:07:07,857 [INFO] PDFExtractor:   Progress: 170/1127 halaman
2026-05-18 20:07:08,589 [INFO] PDFExtractor:   Progress: 180/1127 halaman
2026-05-18 20:07:09,648 [INFO] PDFExtractor:   Progress: 190/1127 halaman
2026-05-18 20:07:10,705 [INFO] PDFExtractor:   Progress: 200/1127 halaman
2026-05-18 20:07:11,850 [INFO] PDFExtractor:   Progress: 210/1127 halaman
2026-05-18 20:07:12,992 [INFO] PDFExtractor:   Progress: 220/1127 halaman
2026-05-18 20:07:14,353 [INFO] PDFExtractor:   Progress: 230/1127 halaman
2026-05-18 20:07:15,514 [INFO] PDFExtractor:   Progress: 240/1127 halaman
2026-05-18 20:07:16,763 [INFO] PDFExtractor:   Progress: 250/1127 halaman
2026-05-18 20:07:17,844 [INFO] PDFExtractor:   Progress: 260/1127 halaman
2026-05-18 20:07:18,978 [INFO] PDFExtractor:   Progress: 270/1127 halaman
2026-05-18 20:07:20,338 [INFO] PDFExtractor:   Progress: 280/1127 halaman
2026-05-18 20:07:21,564 [INFO] PDFExtractor:   Progress: 290/1127 halaman
2026-05-18 20:07:22,651 [INFO] PDFExtractor:   Progress: 300/1127 halaman
2026-05-18 20:07:23,309 [INFO] PDFExtractor:   Progress: 310/1127 halaman
2026-05-18 20:07:24,368 [INFO] PDFExtractor:   Progress: 320/1127 halaman
2026-05-18 20:07:25,478 [INFO] PDFExtractor:   Progress: 330/1127 halaman
2026-05-18 20:07:26,666 [INFO] PDFExtractor:   Progress: 340/1127 halaman
2026-05-18 20:07:27,919 [INFO] PDFExtractor:   Progress: 350/1127 halaman
2026-05-18 20:07:28,667 [INFO] PDFExtractor:   Progress: 360/1127 halaman
2026-05-18 20:07:29,763 [INFO] PDFExtractor:   Progress: 370/1127 halaman
2026-05-18 20:07:30,999 [INFO] PDFExtractor:   Progress: 380/1127 halaman
2026-05-18 20:07:32,239 [INFO] PDFExtractor:   Progress: 390/1127 halaman
2026-05-18 20:07:33,675 [INFO] PDFExtractor:   Progress: 400/1127 halaman
2026-05-18 20:07:35,612 [INFO] PDFExtractor:   Progress: 410/1127 halaman
2026-05-18 20:07:36,548 [INFO] PDFExtractor:   Progress: 420/1127 halaman
2026-05-18 20:07:38,080 [INFO] PDFExtractor:   Progress: 430/1127 halaman
2026-05-18 20:07:39,784 [INFO] PDFExtractor:   Progress: 440/1127 halaman
2026-05-18 20:07:41,498 [INFO] PDFExtractor:   Progress: 450/1127 halaman
2026-05-18 20:07:42,213 [INFO] PDFExtractor:   Progress: 460/1127 halaman
2026-05-18 20:07:43,568 [INFO] PDFExtractor:   Progress: 470/1127 halaman
2026-05-18 20:07:44,946 [INFO] PDFExtractor:   Progress: 480/1127 halaman
2026-05-18 20:07:46,369 [INFO] PDFExtractor:   Progress: 490/1127 halaman
2026-05-18 20:07:47,237 [INFO] PDFExtractor:   Progress: 500/1127 halaman
2026-05-18 20:07:48,317 [INFO] PDFExtractor:   Progress: 510/1127 halaman
2026-05-18 20:07:49,657 [INFO] PDFExtractor:   Progress: 520/1127 halaman
2026-05-18 20:07:51,258 [INFO] PDFExtractor:   Progress: 530/1127 halaman
2026-05-18 20:07:52,195 [INFO] PDFExtractor:   Progress: 540/1127 halaman
2026-05-18 20:07:53,573 [INFO] PDFExtractor:   Progress: 550/1127 halaman
2026-05-18 20:07:55,049 [INFO] PDFExtractor:   Progress: 560/1127 halaman
2026-05-18 20:07:56,630 [INFO] PDFExtractor:   Progress: 570/1127 halaman
2026-05-18 20:07:58,292 [INFO] PDFExtractor:   Progress: 580/1127 halaman
2026-05-18 20:08:00,030 [INFO] PDFExtractor:   Progress: 590/1127 halaman
2026-05-18 20:08:01,679 [INFO] PDFExtractor:   Progress: 600/1127 halaman
2026-05-18 20:08:03,580 [INFO] PDFExtractor:   Progress: 610/1127 halaman
2026-05-18 20:08:06,172 [INFO] PDFExtractor:   Progress: 620/1127 halaman
2026-05-18 20:08:07,039 [INFO] PDFExtractor:   Progress: 630/1127 halaman
2026-05-18 20:08:08,553 [INFO] PDFExtractor:   Progress: 640/1127 halaman
2026-05-18 20:08:10,816 [INFO] PDFExtractor:   Progress: 650/1127 halaman
2026-05-18 20:08:12,924 [INFO] PDFExtractor:   Progress: 660/1127 halaman
2026-05-18 20:08:14,875 [INFO] PDFExtractor:   Progress: 670/1127 halaman
2026-05-18 20:08:15,877 [INFO] PDFExtractor:   Progress: 680/1127 halaman
2026-05-18 20:08:17,565 [INFO] PDFExtractor:   Progress: 690/1127 halaman
2026-05-18 20:08:19,493 [INFO] PDFExtractor:   Progress: 700/1127 halaman
2026-05-18 20:08:21,505 [INFO] PDFExtractor:   Progress: 710/1127 halaman
2026-05-18 20:08:23,851 [INFO] PDFExtractor:   Progress: 720/1127 halaman
2026-05-18 20:08:24,644 [INFO] PDFExtractor:   Progress: 730/1127 halaman
2026-05-18 20:08:26,661 [INFO] PDFExtractor:   Progress: 740/1127 halaman
2026-05-18 20:08:29,138 [INFO] PDFExtractor:   Progress: 750/1127 halaman
2026-05-18 20:08:31,076 [INFO] PDFExtractor:   Progress: 760/1127 halaman
2026-05-18 20:08:33,196 [INFO] PDFExtractor:   Progress: 770/1127 halaman
2026-05-18 20:08:33,743 [INFO] PDFExtractor:   Progress: 780/1127 halaman
2026-05-18 20:08:34,459 [INFO] PDFExtractor:   Progress: 790/1127 halaman
2026-05-18 20:08:35,811 [INFO] PDFExtractor:   Progress: 800/1127 halaman
2026-05-18 20:08:36,221 [INFO] PDFExtractor:   Progress: 810/1127 halaman
2026-05-18 20:08:37,938 [INFO] PDFExtractor:   Progress: 820/1127 halaman
2026-05-18 20:08:38,249 [INFO] PDFExtractor:   Progress: 830/1127 halaman
2026-05-18 20:08:38,634 [INFO] PDFExtractor:   Progress: 840/1127 halaman
2026-05-18 20:08:40,565 [INFO] PDFExtractor:   Progress: 850/1127 halaman
2026-05-18 20:08:41,117 [INFO] PDFExtractor:   Progress: 860/1127 halaman
2026-05-18 20:08:43,399 [INFO] PDFExtractor:   Progress: 870/1127 halaman
2026-05-18 20:08:43,701 [INFO] PDFExtractor:   Progress: 880/1127 halaman
2026-05-18 20:08:44,246 [INFO] PDFExtractor:   Progress: 890/1127 halaman
2026-05-18 20:08:45,627 [INFO] PDFExtractor:   Progress: 900/1127 halaman
2026-05-18 20:08:46,028 [INFO] PDFExtractor:   Progress: 910/1127 halaman
2026-05-18 20:08:47,664 [INFO] PDFExtractor:   Progress: 920/1127 halaman
2026-05-18 20:08:47,979 [INFO] PDFExtractor:   Progress: 930/1127 halaman
2026-05-18 20:08:48,302 [INFO] PDFExtractor:   Progress: 940/1127 halaman
2026-05-18 20:08:50,409 [INFO] PDFExtractor:   Progress: 950/1127 halaman
2026-05-18 20:08:50,831 [INFO] PDFExtractor:   Progress: 960/1127 halaman
2026-05-18 20:08:51,468 [INFO] PDFExtractor:   Progress: 970/1127 halaman
2026-05-18 20:08:54,289 [INFO] PDFExtractor:   Progress: 980/1127 halaman
2026-05-18 20:08:54,764 [INFO] PDFExtractor:   Progress: 990/1127 halaman
2026-05-18 20:08:55,357 [INFO] PDFExtractor:   Progress: 1000/1127 halaman
2026-05-18 20:08:57,370 [INFO] PDFExtractor:   Progress: 1010/1127 halaman
2026-05-18 20:08:58,041 [INFO] PDFExtractor:   Progress: 1020/1127 halaman
2026-05-18 20:09:00,465 [INFO] PDFExtractor:   Progress: 1030/1127 halaman
2026-05-18 20:09:00,905 [INFO] PDFExtractor:   Progress: 1040/1127 halaman
2026-05-18 20:09:03,051 [INFO] PDFExtractor:   Progress: 1050/1127 halaman
2026-05-18 20:09:03,676 [INFO] PDFExtractor:   Progress: 1060/1127 halaman
2026-05-18 20:09:05,898 [INFO] PDFExtractor:   Progress: 1070/1127 halaman
2026-05-18 20:09:08,266 [INFO] PDFExtractor:   Progress: 1080/1127 halaman
2026-05-18 20:09:09,032 [INFO] PDFExtractor:   Progress: 1090/1127 halaman
2026-05-18 20:09:11,387 [INFO] PDFExtractor:   Progress: 1100/1127 halaman
2026-05-18 20:09:11,847 [INFO] PDFExtractor:   Progress: 1110/1127 halaman
2026-05-18 20:09:13,504 [INFO] PDFExtractor:   Progress: 1120/1127 halaman
2026-05-18 20:09:13,839 [INFO] PDFExtractor: Tersimpan: 02_extracted_text\uu_6_2023_cipta_kerja_extracted.json
2026-05-18 20:09:13,841 [INFO] PDFExtractor: [pdfplumber] Memproses: uu_7_2021_harmonisasi_perpajakan.pdf
2026-05-18 20:09:16,605 [INFO] PDFExtractor:   Progress: 10/224 halaman
2026-05-18 20:09:19,554 [INFO] PDFExtractor:   Progress: 20/224 halaman
2026-05-18 20:09:21,197 [INFO] PDFExtractor:   Progress: 30/224 halaman
2026-05-18 20:09:22,309 [INFO] PDFExtractor:   Progress: 40/224 halaman
2026-05-18 20:09:23,310 [INFO] PDFExtractor:   Progress: 50/224 halaman
2026-05-18 20:09:24,368 [INFO] PDFExtractor:   Progress: 60/224 halaman
2026-05-18 20:09:25,303 [INFO] PDFExtractor:   Progress: 70/224 halaman
2026-05-18 20:09:26,255 [INFO] PDFExtractor:   Progress: 80/224 halaman
2026-05-18 20:09:27,291 [INFO] PDFExtractor:   Progress: 90/224 halaman
2026-05-18 20:09:28,355 [INFO] PDFExtractor:   Progress: 100/224 halaman
2026-05-18 20:09:29,322 [INFO] PDFExtractor:   Progress: 110/224 halaman
2026-05-18 20:09:30,196 [INFO] PDFExtractor:   Progress: 120/224 halaman
2026-05-18 20:09:31,246 [INFO] PDFExtractor:   Progress: 130/224 halaman
2026-05-18 20:09:32,181 [INFO] PDFExtractor:   Progress: 140/224 halaman
2026-05-18 20:09:33,222 [INFO] PDFExtractor:   Progress: 150/224 halaman
2026-05-18 20:09:34,202 [INFO] PDFExtractor:   Progress: 160/224 halaman
2026-05-18 20:09:35,178 [INFO] PDFExtractor:   Progress: 170/224 halaman
2026-05-18 20:09:36,159 [INFO] PDFExtractor:   Progress: 180/224 halaman
2026-05-18 20:09:37,035 [INFO] PDFExtractor:   Progress: 190/224 halaman
2026-05-18 20:09:37,897 [INFO] PDFExtractor:   Progress: 200/224 halaman
2026-05-18 20:09:38,485 [INFO] PDFExtractor:   Progress: 210/224 halaman
2026-05-18 20:09:39,526 [INFO] PDFExtractor:   Progress: 220/224 halaman
2026-05-18 20:09:40,069 [INFO] PDFExtractor: Tersimpan: 02_extracted_text\uu_7_2021_harmonisasi_perpajakan_extracted.json
2026-05-18 20:09:40,070 [INFO] PDFExtractor: [pdfplumber] Memproses: uu_8_1999_perlindungan_konsumen.pdf
2026-05-18 20:09:40,595 [INFO] PDFExtractor:   Progress: 10/54 halaman
2026-05-18 20:09:41,545 [INFO] PDFExtractor:   Progress: 20/54 halaman
2026-05-18 20:09:42,425 [INFO] PDFExtractor:   Progress: 30/54 halaman
2026-05-18 20:09:43,327 [INFO] PDFExtractor:   Progress: 40/54 halaman
2026-05-18 20:09:43,833 [INFO] PDFExtractor:   Progress: 50/54 halaman
2026-05-18 20:09:43,974 [INFO] PDFExtractor: Tersimpan: 02_extracted_text\uu_8_1999_perlindungan_konsumen_extracted.json
