2026-05-18 20:23:54,167 [INFO] StructureParser: 
[PROCESS] Memproses: permendag_31_2023_perdagangan_elektronik_cleaned.json -> slug: permendag_31_2023_perdagangan_elektronik
2026-05-18 20:23:54,167 [INFO] StructureParser: [PROCESS] Parsing struktur: permendag_31_2023_perdagangan_elektronik_cleaned.json
2026-05-18 20:23:54,184 [INFO] StructureParser:   [INFO] Ditemukan 67 pasal
2026-05-18 20:23:54,190 [INFO] StructureParser:   [SUCCESS] Parsed: 67 pasal, 8 bab
2026-05-18 20:23:54,203 [INFO] StructureParser: [SAVED] Tersimpan: permendag_31_2023_perdagangan_elektronik_parsed.json, permendag_31_2023_perdagangan_elektronik_pasal_list.json, permendag_31_2023_perdagangan_elektronik_stats.json
2026-05-18 20:23:54,204 [INFO] StructureParser: 
[PROCESS] Memproses: pp_23_2018_pajak_umkm_cleaned.json -> slug: uu_harmonisasi_perpajakan
2026-05-18 20:23:54,204 [INFO] StructureParser: [PROCESS] Parsing struktur: pp_23_2018_pajak_umkm_cleaned.json
2026-05-18 20:23:54,219 [INFO] StructureParser: [TRUNCATE] Memotong bagian Penjelasan di akhir dokumen.
2026-05-18 20:23:54,220 [INFO] StructureParser:   [INFO] Ditemukan 13 pasal
2026-05-18 20:23:54,221 [INFO] StructureParser:   [SUCCESS] Parsed: 13 pasal, 0 bab
2026-05-18 20:23:54,227 [INFO] StructureParser: [SAVED] Tersimpan: uu_harmonisasi_perpajakan_parsed.json, uu_harmonisasi_perpajakan_pasal_list.json, uu_harmonisasi_perpajakan_stats.json
2026-05-18 20:23:54,228 [INFO] StructureParser: 
[PROCESS] Memproses: pp_55_2022_pajak_penghasilan_cleaned.json -> slug: uu_harmonisasi_perpajakan
2026-05-18 20:23:54,229 [INFO] StructureParser: [PROCESS] Parsing struktur: pp_55_2022_pajak_penghasilan_cleaned.json
2026-05-18 20:23:54,245 [INFO] StructureParser: [TRUNCATE] Memotong bagian Penjelasan di akhir dokumen.
2026-05-18 20:23:54,250 [INFO] StructureParser:   [INFO] Ditemukan 71 pasal
2026-05-18 20:23:54,255 [INFO] StructureParser:   [SUCCESS] Parsed: 71 pasal, 12 bab
2026-05-18 20:23:54,271 [INFO] StructureParser: [SAVED] Tersimpan: uu_harmonisasi_perpajakan_parsed.json, uu_harmonisasi_perpajakan_pasal_list.json, uu_harmonisasi_perpajakan_stats.json
2026-05-18 20:23:54,273 [INFO] StructureParser: 
[PROCESS] Memproses: pp_5_2021_perizinan_berbasis_risiko_cleaned.json -> slug: pp_perizinan_berbasis_risiko
2026-05-18 20:23:54,273 [INFO] StructureParser: [PROCESS] Parsing struktur: pp_5_2021_perizinan_berbasis_risiko_cleaned.json
2026-05-18 20:23:54,337 [INFO] StructureParser:   [INFO] Ditemukan 567 pasal
2026-05-18 20:23:54,374 [INFO] StructureParser:   [SUCCESS] Parsed: 567 pasal, 12 bab
2026-05-18 20:23:54,473 [INFO] StructureParser: [SAVED] Tersimpan: pp_perizinan_berbasis_risiko_parsed.json, pp_perizinan_berbasis_risiko_pasal_list.json, pp_perizinan_berbasis_risiko_stats.json
2026-05-18 20:23:54,475 [INFO] StructureParser: 
[PROCESS] Memproses: pp_7_2021_kemudahan_umkm_cleaned.json -> slug: uu_umkm
2026-05-18 20:23:54,475 [INFO] StructureParser: [PROCESS] Parsing struktur: pp_7_2021_kemudahan_umkm_cleaned.json
2026-05-18 20:23:54,491 [INFO] StructureParser: [TRUNCATE] Memotong bagian Penjelasan di akhir dokumen.
2026-05-18 20:23:54,496 [INFO] StructureParser:   [INFO] Ditemukan 110 pasal
2026-05-18 20:23:54,505 [INFO] StructureParser:   [SUCCESS] Parsed: 110 pasal, 9 bab
2026-05-18 20:23:54,530 [INFO] StructureParser: [SAVED] Tersimpan: uu_umkm_parsed.json, uu_umkm_pasal_list.json, uu_umkm_stats.json
2026-05-18 20:23:54,531 [INFO] StructureParser: 
[PROCESS] Memproses: uu_13_2003_ketenagakerjaan_cleaned.json -> slug: uu_ketenagakerjaan
2026-05-18 20:23:54,531 [INFO] StructureParser: [PROCESS] Parsing struktur: uu_13_2003_ketenagakerjaan_cleaned.json
2026-05-18 20:23:54,549 [INFO] StructureParser: [TRUNCATE] Memotong bagian Penjelasan di akhir dokumen.
2026-05-18 20:23:54,554 [INFO] StructureParser:   [INFO] Ditemukan 199 pasal
2026-05-18 20:23:54,562 [INFO] StructureParser:   [SUCCESS] Parsed: 199 pasal, 4 bab
2026-05-18 20:23:54,592 [INFO] StructureParser: [SAVED] Tersimpan: uu_ketenagakerjaan_parsed.json, uu_ketenagakerjaan_pasal_list.json, uu_ketenagakerjaan_stats.json
2026-05-18 20:23:54,593 [INFO] StructureParser: 
[PROCESS] Memproses: uu_1_2024_ite_cleaned.json -> slug: uu_ite
2026-05-18 20:23:54,593 [INFO] StructureParser: [PROCESS] Parsing struktur: uu_1_2024_ite_cleaned.json
2026-05-18 20:23:54,604 [INFO] StructureParser: [TRUNCATE] Memotong bagian Penjelasan di akhir dokumen.
2026-05-18 20:23:54,606 [INFO] StructureParser:   [INFO] Ditemukan 17 pasal
2026-05-18 20:23:54,608 [INFO] StructureParser:   [SUCCESS] Parsed: 17 pasal, 0 bab
2026-05-18 20:23:54,617 [INFO] StructureParser: [SAVED] Tersimpan: uu_ite_parsed.json, uu_ite_pasal_list.json, uu_ite_stats.json
2026-05-18 20:23:54,618 [INFO] StructureParser: 
[PROCESS] Memproses: uu_20_2008_umkm_cleaned.json -> slug: uu_umkm
2026-05-18 20:23:54,618 [INFO] StructureParser: [PROCESS] Parsing struktur: uu_20_2008_umkm_cleaned.json
2026-05-18 20:23:54,629 [INFO] StructureParser: [TRUNCATE] Memotong bagian Penjelasan di akhir dokumen.
2026-05-18 20:23:54,631 [INFO] StructureParser:   [INFO] Ditemukan 44 pasal
2026-05-18 20:23:54,632 [INFO] StructureParser:   [SUCCESS] Parsed: 44 pasal, 10 bab
2026-05-18 20:23:54,641 [INFO] StructureParser: [SAVED] Tersimpan: uu_umkm_parsed.json, uu_umkm_pasal_list.json, uu_umkm_stats.json
2026-05-18 20:23:54,641 [INFO] StructureParser: 
[PROCESS] Memproses: uu_20_2016_merek_indikasi_geografis_cleaned.json -> slug: uu_merek_indikasi_geografis
2026-05-18 20:23:54,642 [INFO] StructureParser: [PROCESS] Parsing struktur: uu_20_2016_merek_indikasi_geografis_cleaned.json
2026-05-18 20:23:54,660 [INFO] StructureParser: [TRUNCATE] Memotong bagian Penjelasan di akhir dokumen.
2026-05-18 20:23:54,664 [INFO] StructureParser:   [INFO] Ditemukan 109 pasal
2026-05-18 20:23:54,669 [INFO] StructureParser:   [SUCCESS] Parsed: 109 pasal, 18 bab
2026-05-18 20:23:54,688 [INFO] StructureParser: [SAVED] Tersimpan: uu_merek_indikasi_geografis_parsed.json, uu_merek_indikasi_geografis_pasal_list.json, uu_merek_indikasi_geografis_stats.json
2026-05-18 20:23:54,689 [INFO] StructureParser: 
[PROCESS] Memproses: uu_27_2022_perlindungan_data_pribadi_cleaned.json -> slug: uu_27_2022_perlindungan_data_pribadi
2026-05-18 20:23:54,689 [INFO] StructureParser: [PROCESS] Parsing struktur: uu_27_2022_perlindungan_data_pribadi_cleaned.json
2026-05-18 20:23:54,706 [INFO] StructureParser:   [INFO] Ditemukan 142 pasal
2026-05-18 20:23:54,710 [INFO] StructureParser:   [SUCCESS] Parsed: 142 pasal, 15 bab
2026-05-18 20:23:54,730 [INFO] StructureParser: [SAVED] Tersimpan: uu_27_2022_perlindungan_data_pribadi_parsed.json, uu_27_2022_perlindungan_data_pribadi_pasal_list.json, uu_27_2022_perlindungan_data_pribadi_stats.json
2026-05-18 20:23:54,731 [INFO] StructureParser: 
[PROCESS] Memproses: uu_28_2014_hak_cipta_cleaned.json -> slug: uu_28_2014_hak_cipta
2026-05-18 20:23:54,731 [INFO] StructureParser: [PROCESS] Parsing struktur: uu_28_2014_hak_cipta_cleaned.json
2026-05-18 20:23:54,749 [INFO] StructureParser: [TRUNCATE] Memotong bagian Penjelasan di akhir dokumen.
2026-05-18 20:23:54,753 [INFO] StructureParser:   [INFO] Ditemukan 118 pasal
2026-05-18 20:23:54,759 [INFO] StructureParser:   [SUCCESS] Parsed: 118 pasal, 19 bab
2026-05-18 20:23:54,780 [INFO] StructureParser: [SAVED] Tersimpan: uu_28_2014_hak_cipta_parsed.json, uu_28_2014_hak_cipta_pasal_list.json, uu_28_2014_hak_cipta_stats.json
2026-05-18 20:23:54,781 [INFO] StructureParser: 
[PROCESS] Memproses: uu_33_2014_jaminan_produk_halal_cleaned.json -> slug: uu_jaminan_produk_halal
2026-05-18 20:23:54,782 [INFO] StructureParser: [PROCESS] Parsing struktur: uu_33_2014_jaminan_produk_halal_cleaned.json
2026-05-18 20:23:54,795 [INFO] StructureParser: [TRUNCATE] Memotong bagian Penjelasan di akhir dokumen.
2026-05-18 20:23:54,797 [INFO] StructureParser:   [INFO] Ditemukan 67 pasal
2026-05-18 20:23:54,800 [INFO] StructureParser:   [SUCCESS] Parsed: 67 pasal, 11 bab
2026-05-18 20:23:54,813 [INFO] StructureParser: [SAVED] Tersimpan: uu_jaminan_produk_halal_parsed.json, uu_jaminan_produk_halal_pasal_list.json, uu_jaminan_produk_halal_stats.json
2026-05-18 20:23:54,814 [INFO] StructureParser: 
[PROCESS] Memproses: uu_36_2008_pajak_penghasilan_cleaned.json -> slug: uu_harmonisasi_perpajakan
2026-05-18 20:23:54,815 [INFO] StructureParser: [PROCESS] Parsing struktur: uu_36_2008_pajak_penghasilan_cleaned.json
2026-05-18 20:23:54,830 [INFO] StructureParser:   [INFO] Ditemukan 32 pasal
2026-05-18 20:23:54,836 [INFO] StructureParser:   [SUCCESS] Parsed: 32 pasal, 0 bab
2026-05-18 20:23:54,855 [INFO] StructureParser: [SAVED] Tersimpan: uu_harmonisasi_perpajakan_parsed.json, uu_harmonisasi_perpajakan_pasal_list.json, uu_harmonisasi_perpajakan_stats.json
2026-05-18 20:23:54,856 [INFO] StructureParser: 
[PROCESS] Memproses: uu_6_2023_cipta_kerja_cleaned.json -> slug: uu_6_2023_cipta_kerja
2026-05-18 20:23:54,857 [INFO] StructureParser: [PROCESS] Parsing struktur: uu_6_2023_cipta_kerja_cleaned.json
2026-05-18 20:23:54,948 [INFO] StructureParser: [TRUNCATE] Memotong bagian Penjelasan di akhir dokumen.
2026-05-18 20:23:54,949 [INFO] StructureParser:   [INFO] Ditemukan 1 pasal
2026-05-18 20:23:54,950 [INFO] StructureParser:   [SUCCESS] Parsed: 1 pasal, 0 bab
2026-05-18 20:23:54,957 [INFO] StructureParser: [SAVED] Tersimpan: uu_6_2023_cipta_kerja_parsed.json, uu_6_2023_cipta_kerja_pasal_list.json, uu_6_2023_cipta_kerja_stats.json
2026-05-18 20:23:54,959 [INFO] StructureParser: 
[PROCESS] Memproses: uu_7_2021_harmonisasi_perpajakan_cleaned.json -> slug: uu_harmonisasi_perpajakan
2026-05-18 20:23:54,960 [INFO] StructureParser: [PROCESS] Parsing struktur: uu_7_2021_harmonisasi_perpajakan_cleaned.json
2026-05-18 20:23:54,985 [INFO] StructureParser: [TRUNCATE] Memotong bagian Penjelasan di akhir dokumen.
2026-05-18 20:23:54,992 [INFO] StructureParser:   [INFO] Ditemukan 56 pasal
2026-05-18 20:23:55,004 [INFO] StructureParser:   [SUCCESS] Parsed: 56 pasal, 8 bab
2026-05-18 20:23:55,028 [INFO] StructureParser: [SAVED] Tersimpan: uu_harmonisasi_perpajakan_parsed.json, uu_harmonisasi_perpajakan_pasal_list.json, uu_harmonisasi_perpajakan_stats.json
2026-05-18 20:23:55,029 [INFO] StructureParser: 
[PROCESS] Memproses: uu_8_1999_perlindungan_konsumen_cleaned.json -> slug: uu_perlindungan_konsumen
2026-05-18 20:23:55,029 [INFO] StructureParser: [PROCESS] Parsing struktur: uu_8_1999_perlindungan_konsumen_cleaned.json
2026-05-18 20:23:55,045 [INFO] StructureParser: [TRUNCATE] Memotong bagian Penjelasan di akhir dokumen.
2026-05-18 20:23:55,048 [INFO] StructureParser:   [INFO] Ditemukan 65 pasal
2026-05-18 20:23:55,051 [INFO] StructureParser:   [SUCCESS] Parsed: 65 pasal, 14 bab
2026-05-18 20:23:55,069 [INFO] StructureParser: [SAVED] Tersimpan: uu_perlindungan_konsumen_parsed.json, uu_perlindungan_konsumen_pasal_list.json, uu_perlindungan_konsumen_stats.json
